Archive member included to satisfy reference by file (symbol)

c:/nxp/mcuxpressoide_11.0.1_2563/ide/plugins/com.nxp.mcuxpresso.tools.win32_11.0.1.201907311258/tools/bin/../lib/gcc/arm-none-eabi/8.2.1/../../../../arm-none-eabi/lib/thumb/v6-m/nofp\libcr_nohost_nf.a(_cr__main.o)
                              ./startup/startup_mkl25z4.o (__main)
c:/nxp/mcuxpressoide_11.0.1_2563/ide/plugins/com.nxp.mcuxpresso.tools.win32_11.0.1.201907311258/tools/bin/../lib/gcc/arm-none-eabi/8.2.1/../../../../arm-none-eabi/lib/thumb/v6-m/nofp\libcr_c.a(memcpy.o)
                              ./drivers/fsl_flash.o (memcpy)
c:/nxp/mcuxpressoide_11.0.1_2563/ide/plugins/com.nxp.mcuxpresso.tools.win32_11.0.1.201907311258/tools/bin/../lib/gcc/arm-none-eabi/8.2.1/../../../../arm-none-eabi/lib/thumb/v6-m/nofp\libcr_c.a(memset.o)
                              ./drivers/fsl_flash.o (memset)
c:/nxp/mcuxpressoide_11.0.1_2563/ide/plugins/com.nxp.mcuxpresso.tools.win32_11.0.1.201907311258/tools/bin/../lib/gcc/arm-none-eabi/8.2.1/../../../../arm-none-eabi/lib/thumb/v6-m/nofp\libcr_c.a(alloc.o)
                              ./source/Memory_Functions.o (malloc)
c:/nxp/mcuxpressoide_11.0.1_2563/ide/plugins/com.nxp.mcuxpresso.tools.win32_11.0.1.201907311258/tools/bin/../lib/gcc/arm-none-eabi/8.2.1/../../../../arm-none-eabi/lib/thumb/v6-m/nofp\libcr_c.a(initio.o)
                              c:/nxp/mcuxpressoide_11.0.1_2563/ide/plugins/com.nxp.mcuxpresso.tools.win32_11.0.1.201907311258/tools/bin/../lib/gcc/arm-none-eabi/8.2.1/../../../../arm-none-eabi/lib/thumb/v6-m/nofp\libcr_nohost_nf.a(_cr__main.o) (_initio)
c:/nxp/mcuxpressoide_11.0.1_2563/ide/plugins/com.nxp.mcuxpresso.tools.win32_11.0.1.201907311258/tools/bin/../lib/gcc/arm-none-eabi/8.2.1/../../../../arm-none-eabi/lib/thumb/v6-m/nofp\libcr_c.a(setvbuf.o)
                              c:/nxp/mcuxpressoide_11.0.1_2563/ide/plugins/com.nxp.mcuxpresso.tools.win32_11.0.1.201907311258/tools/bin/../lib/gcc/arm-none-eabi/8.2.1/../../../../arm-none-eabi/lib/thumb/v6-m/nofp\libcr_c.a(initio.o) (setvbuf)
c:/nxp/mcuxpressoide_11.0.1_2563/ide/plugins/com.nxp.mcuxpresso.tools.win32_11.0.1.201907311258/tools/bin/../lib/gcc/arm-none-eabi/8.2.1/../../../../arm-none-eabi/lib/thumb/v6-m/nofp\libcr_c.a(strlen.o)
                              ./utilities/fsl_debug_console.o (strlen)
c:/nxp/mcuxpressoide_11.0.1_2563/ide/plugins/com.nxp.mcuxpresso.tools.win32_11.0.1.201907311258/tools/bin/../lib/gcc/arm-none-eabi/8.2.1/../../../../arm-none-eabi/lib/thumb/v6-m/nofp\libcr_c.a(__init_alloc.o)
                              c:/nxp/mcuxpressoide_11.0.1_2563/ide/plugins/com.nxp.mcuxpresso.tools.win32_11.0.1.201907311258/tools/bin/../lib/gcc/arm-none-eabi/8.2.1/../../../../arm-none-eabi/lib/thumb/v6-m/nofp\libcr_c.a(alloc.o) (__heaps)
c:/nxp/mcuxpressoide_11.0.1_2563/ide/plugins/com.nxp.mcuxpresso.tools.win32_11.0.1.201907311258/tools/bin/../lib/gcc/arm-none-eabi/8.2.1/../../../../arm-none-eabi/lib/thumb/v6-m/nofp\libcr_c.a(_cr_sbrk.o)
                              c:/nxp/mcuxpressoide_11.0.1_2563/ide/plugins/com.nxp.mcuxpresso.tools.win32_11.0.1.201907311258/tools/bin/../lib/gcc/arm-none-eabi/8.2.1/../../../../arm-none-eabi/lib/thumb/v6-m/nofp\libcr_c.a(alloc.o) (_sbrk)
c:/nxp/mcuxpressoide_11.0.1_2563/ide/plugins/com.nxp.mcuxpresso.tools.win32_11.0.1.201907311258/tools/bin/../lib/gcc/arm-none-eabi/8.2.1/../../../../arm-none-eabi/lib/thumb/v6-m/nofp\libcr_c.a(_fdopen.o)
                              c:/nxp/mcuxpressoide_11.0.1_2563/ide/plugins/com.nxp.mcuxpresso.tools.win32_11.0.1.201907311258/tools/bin/../lib/gcc/arm-none-eabi/8.2.1/../../../../arm-none-eabi/lib/thumb/v6-m/nofp\libcr_c.a(initio.o) (_fdopen)
c:/nxp/mcuxpressoide_11.0.1_2563/ide/plugins/com.nxp.mcuxpresso.tools.win32_11.0.1.201907311258/tools/bin/../lib/gcc/arm-none-eabi/8.2.1/../../../../arm-none-eabi/lib/thumb/v6-m/nofp\libcr_c.a(errno.o)
                              c:/nxp/mcuxpressoide_11.0.1_2563/ide/plugins/com.nxp.mcuxpresso.tools.win32_11.0.1.201907311258/tools/bin/../lib/gcc/arm-none-eabi/8.2.1/../../../../arm-none-eabi/lib/thumb/v6-m/nofp\libcr_c.a(_cr_sbrk.o) (errno)
c:/nxp/mcuxpressoide_11.0.1_2563/ide/plugins/com.nxp.mcuxpresso.tools.win32_11.0.1.201907311258/tools/bin/../lib/gcc/arm-none-eabi/8.2.1/../../../../arm-none-eabi/lib/thumb/v6-m/nofp\libcr_c.a(fclose.o)
                              c:/nxp/mcuxpressoide_11.0.1_2563/ide/plugins/com.nxp.mcuxpresso.tools.win32_11.0.1.201907311258/tools/bin/../lib/gcc/arm-none-eabi/8.2.1/../../../../arm-none-eabi/lib/thumb/v6-m/nofp\libcr_c.a(initio.o) (fclose)
c:/nxp/mcuxpressoide_11.0.1_2563/ide/plugins/com.nxp.mcuxpresso.tools.win32_11.0.1.201907311258/tools/bin/../lib/gcc/arm-none-eabi/8.2.1/../../../../arm-none-eabi/lib/thumb/v6-m/nofp\libcr_c.a(fflush.o)
                              c:/nxp/mcuxpressoide_11.0.1_2563/ide/plugins/com.nxp.mcuxpresso.tools.win32_11.0.1.201907311258/tools/bin/../lib/gcc/arm-none-eabi/8.2.1/../../../../arm-none-eabi/lib/thumb/v6-m/nofp\libcr_c.a(fclose.o) (fflush)
[...]
Memory Configuration

Name             Origin             Length             Attributes
PROGRAM_FLASH    0x00000000         0x00020000         xr
SRAM             0x1ffff000         0x00004000         xrw
*default*        0x00000000         0xffffffff

Linker script and memory map

LOAD ./utilities/fsl_debug_console.o
LOAD ./startup/startup_mkl25z4.o
LOAD ./source/Delay_Function.o
LOAD ./source/LED_Blink.o
LOAD ./source/Logger.o
LOAD ./source/Memory_Functions.o
LOAD ./source/main.o
LOAD ./source/mtb.o
LOAD ./source/semihost_hardfault.o
LOAD ./drivers/fsl_clock.o
LOAD ./drivers/fsl_common.o
LOAD ./drivers/fsl_flash.o
LOAD ./drivers/fsl_gpio.o
LOAD ./drivers/fsl_lpsci.o
LOAD ./drivers/fsl_smc.o
LOAD ./drivers/fsl_uart.o
LOAD ./board/board.o
LOAD ./board/clock_config.o
LOAD ./board/peripherals.o
LOAD ./board/pin_mux.o
LOAD ./CMSIS/system_MKL25Z4.o
START GROUP
LOAD c:/nxp/mcuxpressoide_11.0.1_2563/ide/plugins/com.nxp.mcuxpresso.tools.win32_11.0.1.201907311258/tools/bin/../lib/gcc/arm-none-eabi/8.2.1/../../../../arm-none-eabi/lib/thumb/v6-m/nofp\libcr_nohost_nf.a
LOAD c:/nxp/mcuxpressoide_11.0.1_2563/ide/plugins/com.nxp.mcuxpresso.tools.win32_11.0.1.201907311258/tools/bin/../lib/gcc/arm-none-eabi/8.2.1/../../../../arm-none-eabi/lib/thumb/v6-m/nofp\libcr_c.a
LOAD c:/nxp/mcuxpressoide_11.0.1_2563/ide/plugins/com.nxp.mcuxpresso.tools.win32_11.0.1.201907311258/tools/bin/../lib/gcc/arm-none-eabi/8.2.1/thumb/v6-m/nofp\libcr_eabihelpers.a
LOAD c:/nxp/mcuxpressoide_11.0.1_2563/ide/plugins/com.nxp.mcuxpresso.tools.win32_11.0.1.201907311258/tools/bin/../lib/gcc/arm-none-eabi/8.2.1/thumb/v6-m/nofp\libgcc.a
END GROUP
                0x00000000                __base_PROGRAM_FLASH = 0x0
                0x00000000                __base_Flash = 0x0
                0x00020000                __top_PROGRAM_FLASH = 0x20000
                0x00020000                __top_Flash = 0x20000
                0x1ffff000                __base_SRAM = 0x1ffff000
                0x1ffff000                __base_RAM = 0x1ffff000
                0x20003000                __top_SRAM = 0x20003000
                0x20003000                __top_RAM = 0x20003000

.text           0x00000000     0x4250
 FILL mask 0xff
                0x00000000                __vectors_start__ = ABSOLUTE (.)
 *(SORT_BY_ALIGNMENT(.isr_vector))
 .isr_vector    0x00000000       0xc0 ./startup/startup_mkl25z4.o
                0x00000000                g_pfnVectors
                0x00000000                __Vectors
                0x000000c0                . = ALIGN (0x4)
                0x000000c0                __section_table_start = .
                0x000000c0                __data_section_table = .
                0x000000c0        0x4 LONG 0x4250 LOADADDR (.data)
                0x000000c4        0x4 LONG 0x1ffff080 ADDR (.data)
                0x000000c8        0x4 LONG 0x18 SIZEOF (.data)
                0x000000cc                __data_section_table_end = .
                0x000000cc                __bss_section_table = .
                0x000000cc        0x4 LONG 0x1ffff098 ADDR (.bss)
                0x000000d0        0x4 LONG 0x13c SIZEOF (.bss)
                0x000000d4                __bss_section_table_end = .
                0x000000d4                __section_table_end = .
 *(SORT_BY_ALIGNMENT(.after_vectors*))
 .after_vectors.reset
                0x000000d4       0x4c ./startup/startup_mkl25z4.o
                0x000000d4                ResetISR
 .after_vectors.init_data
                0x00000120       0x12 ./startup/startup_mkl25z4.o
                0x00000120                data_init
 .after_vectors.init_bss
                0x00000132       0x10 ./startup/startup_mkl25z4.o
                0x00000132                bss_init
 .after_vectors
                0x00000142      0x10c ./startup/startup_mkl25z4.o
                0x00000142                NMI_Handler
                0x00000146                SVC_Handler
                0x00000148                PendSV_Handler
                0x0000014a                SysTick_Handler
                0x0000014c                LPTMR0_DriverIRQHandler
                0x0000014c                Reserved39_DriverIRQHandler
                0x0000014c                DMA0_DriverIRQHandler
                0x0000014c                SPI1_DriverIRQHandler
                0x0000014c                I2C0_DriverIRQHandler
                0x0000014c                PORTD_DriverIRQHandler
                0x0000014c                DMA2_DriverIRQHandler
                0x0000014c                CMP0_DriverIRQHandler
                0x0000014c                TPM2_DriverIRQHandler
                0x0000014c                ADC0_DriverIRQHandler
                0x0000014c                SPI0_DriverIRQHandler
                0x0000014c                TSI0_DriverIRQHandler
                0x0000014c                RTC_Seconds_DriverIRQHandler
                0x0000014c                I2C1_DriverIRQHandler
                0x0000014c                DMA1_DriverIRQHandler
                0x0000014c                LLWU_DriverIRQHandler
                0x0000014c                MCG_DriverIRQHandler
                0x0000014c                PIT_DriverIRQHandler
                0x0000014c                RTC_DriverIRQHandler
                0x0000014c                TPM1_DriverIRQHandler
                0x0000014c                FTFA_DriverIRQHandler
                0x0000014c                IntDefaultHandler
                0x0000014c                USB0_DriverIRQHandler
                0x0000014c                DAC0_DriverIRQHandler
                0x0000014c                PORTA_DriverIRQHandler
                0x0000014c                LVD_LVW_DriverIRQHandler
                0x0000014c                TPM0_DriverIRQHandler
                0x0000014c                Reserved45_DriverIRQHandler
                0x0000014c                DMA3_DriverIRQHandler
                0x0000014c                Reserved20_DriverIRQHandler
                0x0000014e                DMA0_IRQHandler
                0x00000156                DMA1_IRQHandler
                0x0000015e                DMA2_IRQHandler
                0x00000166                DMA3_IRQHandler
                0x0000016e                Reserved20_IRQHandler
                0x00000176                FTFA_IRQHandler
                0x0000017e                LVD_LVW_IRQHandler
                0x00000186                LLWU_IRQHandler
                0x0000018e                I2C0_IRQHandler
                0x00000196                I2C1_IRQHandler
                0x0000019e                SPI0_IRQHandler
                0x000001a6                SPI1_IRQHandler
                0x000001ae                UART0_IRQHandler
                0x000001b6                UART1_IRQHandler
                0x000001be                UART2_IRQHandler
                0x000001c6                ADC0_IRQHandler
                0x000001ce                CMP0_IRQHandler
                0x000001d6                TPM0_IRQHandler
                0x000001de                TPM1_IRQHandler
                0x000001e6                TPM2_IRQHandler
                0x000001ee                RTC_IRQHandler
                0x000001f6                RTC_Seconds_IRQHandler
                0x000001fe                PIT_IRQHandler
                0x00000206                Reserved39_IRQHandler
                0x0000020e                USB0_IRQHandler
                0x00000216                DAC0_IRQHandler
                0x0000021e                TSI0_IRQHandler
                0x00000226                MCG_IRQHandler
                0x0000022e                LPTMR0_IRQHandler
                0x00000236                Reserved45_IRQHandler
                0x0000023e                PORTA_IRQHandler
                0x00000246                PORTD_IRQHandler
                0x00000400                . = 0x400
 *fill*         0x0000024e      0x1b2 ff
                0x00000400                PROVIDE (__FLASH_CONFIG_START__ = .)
 *(SORT_BY_ALIGNMENT(.FlashConfig))
 .FlashConfig   0x00000400       0x10 ./startup/startup_mkl25z4.o
                0x00000400                Flash_Config
                0x00000410                PROVIDE (__FLASH_CONFIG_END__ = .)
                0x00000001                ASSERT (! ((__FLASH_CONFIG_START__ == __FLASH_CONFIG_END__)), Linker Flash Config Support Enabled, but no .FlashConfig section provided within application)
 *(SORT_BY_ALIGNMENT(.text*))
 .text.DbgConsole_Init
                0x00000410       0xf0 ./utilities/fsl_debug_console.o
                0x00000410                DbgConsole_Init
 .text.DbgConsole_Printf
                0x00000500       0x44 ./utilities/fsl_debug_console.o
                0x00000500                DbgConsole_Printf
 .text.DbgConsole_Putchar
                0x00000544       0x34 ./utilities/fsl_debug_console.o
                0x00000544                DbgConsole_Putchar
 .text.DbgConsole_Scanf
                0x00000578       0xbc ./utilities/fsl_debug_console.o
                0x00000578                DbgConsole_Scanf
 .text.DbgConsole_Getchar
                0x00000634       0x40 ./utilities/fsl_debug_console.o
                0x00000634                DbgConsole_Getchar
 .text.DbgConsole_ScanfFormattedData
                0x00000674      0x504 ./utilities/fsl_debug_console.o
 .text.Delay_Time
                0x00000b78       0x4c ./source/Delay_Function.o
                0x00000b78                Delay_Time
 .text.GREEN_LED_INIT
                0x00000bc4       0x20 ./source/LED_Blink.o
                0x00000bc4                GREEN_LED_INIT
 .text.GREEN_LED_ON
                0x00000be4       0x1c ./source/LED_Blink.o
                0x00000be4                GREEN_LED_ON
 .text.RED_LED_INIT
                0x00000c00       0x20 ./source/LED_Blink.o
                0x00000c00                RED_LED_INIT
 .text.RED_LED_ON
                0x00000c20       0x1c ./source/LED_Blink.o
                0x00000c20                RED_LED_ON
 .text.RED_LED_OFF
                0x00000c3c       0x1c ./source/LED_Blink.o
                0x00000c3c                RED_LED_OFF
 .text.BLUE_LED_INIT
                0x00000c58       0x20 ./source/LED_Blink.o
                0x00000c58                BLUE_LED_INIT
 .text.BLUE_LED_ON
                0x00000c78       0x18 ./source/LED_Blink.o
                0x00000c78                BLUE_LED_ON
 .text.BLUE_LED_OFF
                0x00000c90       0x18 ./source/LED_Blink.o
                0x00000c90                BLUE_LED_OFF
 .text.Log_Enabled
                0x00000ca8       0x14 ./source/Logger.o
                0x00000ca8                Log_Enabled
 .text.Status   0x00000cbc       0x18 ./source/Logger.o
                0x00000cbc                Status
 .text.Log_Data
                0x00000cd4       0x30 ./source/Logger.o
                0x00000cd4                Log_Data
 .text.Log_String
                0x00000d04       0x30 ./source/Logger.o
                0x00000d04                Log_String
 .text.allocate_words
                0x00000d34       0x28 ./source/Memory_Functions.o
                0x00000d34                allocate_words
 .text.free_words
                0x00000d5c       0x2c ./source/Memory_Functions.o
                0x00000d5c                free_words
 .text.get_address
                0x00000d88       0x54 ./source/Memory_Functions.o
                0x00000d88                get_address
 .text.write_pattern
                0x00000ddc       0x7c ./source/Memory_Functions.o
                0x00000ddc                write_pattern
 .text.display_memory
                0x00000e58       0x58 ./source/Memory_Functions.o
                0x00000e58                display_memory
 .text.Write_Value_To_Memory
                0x00000eb0       0xac ./source/Memory_Functions.o
                0x00000eb0                Write_Value_To_Memory
 .text.invert_block
                0x00000f5c       0xd4 ./source/Memory_Functions.o
                0x00000f5c                invert_block
 .text.ReInvert_block
                0x00001030       0xd4 ./source/Memory_Functions.o
                0x00001030                ReInvert_block
 .text.verify_pattern
                0x00001104       0xf8 ./source/Memory_Functions.o
                0x00001104                verify_pattern
 .text.main     0x000011fc      0x194 ./source/main.o
                0x000011fc                main
 .text.HardFault_Handler
                0x00001390       0x30 ./source/semihost_hardfault.o
                0x00001390                HardFault_Handler
 .text.CLOCK_SetEr32kClock
                0x000013c0       0x34 ./drivers/fsl_clock.o
 .text.CLOCK_SetPllFllSelClock
                0x000013f4       0x38 ./drivers/fsl_clock.o
 .text.CLOCK_GetMcgExtClkFreq
                0x0000142c       0x28 ./drivers/fsl_clock.o
 .text.CLOCK_GetFllExtRefClkFreq
                0x00001454       0xa4 ./drivers/fsl_clock.o
 .text.CLOCK_GetFllRefClkFreq
                0x000014f8       0x2c ./drivers/fsl_clock.o
 .text.CLOCK_GetOscRangeFromFreq
                0x00001524       0x4c ./drivers/fsl_clock.o
 .text.CLOCK_GetPllFllSelClkFreq
                0x00001570       0x4c ./drivers/fsl_clock.o
                0x00001570                CLOCK_GetPllFllSelClkFreq
 .text.CLOCK_SetSimConfig
                0x000015bc       0x38 ./drivers/fsl_clock.o
                0x000015bc                CLOCK_SetSimConfig
 .text.CLOCK_GetFllFreq
                0x000015f4       0x84 ./drivers/fsl_clock.o
                0x000015f4                CLOCK_GetFllFreq
 .text.CLOCK_GetPll0Freq
                0x00001678       0x70 ./drivers/fsl_clock.o
                0x00001678                CLOCK_GetPll0Freq
 .text.CLOCK_SetInternalRefClkConfig
                0x000016e8      0x124 ./drivers/fsl_clock.o
                0x000016e8                CLOCK_SetInternalRefClkConfig
 .text.CLOCK_EnablePll0
                0x0000180c       0x90 ./drivers/fsl_clock.o
                0x0000180c                CLOCK_EnablePll0
 .text.CLOCK_InitOsc0
                0x0000189c       0x94 ./drivers/fsl_clock.o
                0x0000189c                CLOCK_InitOsc0
 .text.CLOCK_SetPbeMode
                0x00001930       0xb0 ./drivers/fsl_clock.o
                0x00001930                CLOCK_SetPbeMode
 .text.CLOCK_BootToPeeMode
                0x000019e0       0x70 ./drivers/fsl_clock.o
                0x000019e0                CLOCK_BootToPeeMode
 .text.__assertion_failed
                0x00001a50       0x1c ./drivers/fsl_common.o
                0x00001a50                __assertion_failed
 .text.GPIO_PinInit
                0x00001a6c       0x64 ./drivers/fsl_gpio.o
                0x00001a6c                GPIO_PinInit
 .text.CLOCK_EnableClock
                0x00001ad0       0x34 ./drivers/fsl_lpsci.o
 .text.LPSCI_GetInstance
                0x00001b04       0x48 ./drivers/fsl_lpsci.o
                0x00001b04                LPSCI_GetInstance
 .text.LPSCI_Init
                0x00001b4c      0x258 ./drivers/fsl_lpsci.o
                0x00001b4c                LPSCI_Init
 .text.LPSCI_GetDefaultConfig
                0x00001da4       0x44 ./drivers/fsl_lpsci.o
                0x00001da4                LPSCI_GetDefaultConfig
 .text.LPSCI_ClearStatusFlags
                0x00001de8       0x94 ./drivers/fsl_lpsci.o
                0x00001de8                LPSCI_ClearStatusFlags
 .text.LPSCI_WriteBlocking
                0x00001e7c       0x4c ./drivers/fsl_lpsci.o
                0x00001e7c                LPSCI_WriteBlocking
 .text.LPSCI_ReadBlocking
                0x00001ec8       0xc0 ./drivers/fsl_lpsci.o
                0x00001ec8                LPSCI_ReadBlocking
 .text.UART0_DriverIRQHandler
                0x00001f88       0x24 ./drivers/fsl_lpsci.o
                0x00001f88                UART0_DriverIRQHandler
 .text.CLOCK_EnableClock
                0x00001fac       0x34 ./drivers/fsl_uart.o
 .text.UART_GetInstance
                0x00001fe0       0x54 ./drivers/fsl_uart.o
                0x00001fe0                UART_GetInstance
 .text.UART_Init
                0x00002034      0x1e0 ./drivers/fsl_uart.o
                0x00002034                UART_Init
 .text.UART_GetDefaultConfig
                0x00002214       0x44 ./drivers/fsl_uart.o
                0x00002214                UART_GetDefaultConfig
 .text.UART_ReadBlocking
                0x00002258       0x98 ./drivers/fsl_uart.o
                0x00002258                UART_ReadBlocking
 .text.UART1_DriverIRQHandler
                0x000022f0       0x24 ./drivers/fsl_uart.o
                0x000022f0                UART1_DriverIRQHandler
 .text.UART2_DriverIRQHandler
                0x00002314       0x24 ./drivers/fsl_uart.o
                0x00002314                UART2_DriverIRQHandler
 .text.CLOCK_SetLpsci0Clock
                0x00002338       0x38 ./board/board.o
 .text.BOARD_InitDebugConsole
                0x00002370       0x30 ./board/board.o
                0x00002370                BOARD_InitDebugConsole
 .text.CLOCK_SetSimSafeDivs
                0x000023a0       0x20 ./board/clock_config.o
 .text.CLOCK_SetXtal0Freq
                0x000023c0       0x1c ./board/clock_config.o
 .text.CLOCK_CONFIG_SetFllExtRefDiv
                0x000023dc       0x3c ./board/clock_config.o
 .text.BOARD_BootClockRUN
                0x00002418       0x64 ./board/clock_config.o
                0x00002418                BOARD_BootClockRUN
 .text.CLOCK_EnableClock
                0x0000247c       0x34 ./board/pin_mux.o
 .text.PORT_SetPinMux
                0x000024b0       0x40 ./board/pin_mux.o
 .text.BOARD_InitPins
                0x000024f0       0x90 ./board/pin_mux.o
                0x000024f0                BOARD_InitPins
 .text.SystemInit
                0x00002580       0x18 ./CMSIS/system_MKL25Z4.o
                0x00002580                SystemInit
 .text.malloc   0x00002598       0xcc c:/nxp/mcuxpressoide_11.0.1_2563/ide/plugins/com.nxp.mcuxpresso.tools.win32_11.0.1.201907311258/tools/bin/../lib/gcc/arm-none-eabi/8.2.1/../../../../arm-none-eabi/lib/thumb/v6-m/nofp\libcr_c.a(alloc.o)
                0x00002598                malloc
 .text._initio  0x00002664       0x7c c:/nxp/mcuxpressoide_11.0.1_2563/ide/plugins/com.nxp.mcuxpresso.tools.win32_11.0.1.201907311258/tools/bin/../lib/gcc/arm-none-eabi/8.2.1/../../../../arm-none-eabi/lib/thumb/v6-m/nofp\libcr_c.a(initio.o)
                0x00002664                _initio
 .text.setvbuf  0x000026e0       0x4c c:/nxp/mcuxpressoide_11.0.1_2563/ide/plugins/com.nxp.mcuxpresso.tools.win32_11.0.1.201907311258/tools/bin/../lib/gcc/arm-none-eabi/8.2.1/../../../../arm-none-eabi/lib/thumb/v6-m/nofp\libcr_c.a(setvbuf.o)
                0x000026e0                setvbuf
 .text.strlen   0x0000272c       0x58 c:/nxp/mcuxpressoide_11.0.1_2563/ide/plugins/com.nxp.mcuxpresso.tools.win32_11.0.1.201907311258/tools/bin/../lib/gcc/arm-none-eabi/8.2.1/../../../../arm-none-eabi/lib/thumb/v6-m/nofp\libcr_c.a(strlen.o)
                0x0000272c                strlen
 .text._sbrk    0x00002784       0x40 c:/nxp/mcuxpressoide_11.0.1_2563/ide/plugins/com.nxp.mcuxpresso.tools.win32_11.0.1.201907311258/tools/bin/../lib/gcc/arm-none-eabi/8.2.1/../../../../arm-none-eabi/lib/thumb/v6-m/nofp\libcr_c.a(_cr_sbrk.o)
                0x00002784                _sbrk
 .text._fdopen  0x000027c4       0x74 c:/nxp/mcuxpressoide_11.0.1_2563/ide/plugins/com.nxp.mcuxpresso.tools.win32_11.0.1.201907311258/tools/bin/../lib/gcc/arm-none-eabi/8.2.1/../../../../arm-none-eabi/lib/thumb/v6-m/nofp\libcr_c.a(_fdopen.o)
                0x000027c4                _fdopen
 .text.fclose   0x00002838       0x5c c:/nxp/mcuxpressoide_11.0.1_2563/ide/plugins/com.nxp.mcuxpresso.tools.win32_11.0.1.201907311258/tools/bin/../lib/gcc/arm-none-eabi/8.2.1/../../../../arm-none-eabi/lib/thumb/v6-m/nofp\libcr_c.a(fclose.o)
                0x00002838                fclose
 .text.fflush   0x00002894       0x44 c:/nxp/mcuxpressoide_11.0.1_2563/ide/plugins/com.nxp.mcuxpresso.tools.win32_11.0.1.201907311258/tools/bin/../lib/gcc/arm-none-eabi/8.2.1/../../../../arm-none-eabi/lib/thumb/v6-m/nofp\libcr_c.a(fflush.o)
                0x00002894                fflush
 .text.fseek    0x000028d8       0xf0 c:/nxp/mcuxpressoide_11.0.1_2563/ide/plugins/com.nxp.mcuxpresso.tools.win32_11.0.1.201907311258/tools/bin/../lib/gcc/arm-none-eabi/8.2.1/../../../../arm-none-eabi/lib/thumb/v6-m/nofp\libcr_c.a(fseek.o)
                0x000028d8                fseek
 .text.ftell    0x000029c8       0x48 c:/nxp/mcuxpressoide_11.0.1_2563/ide/plugins/com.nxp.mcuxpresso.tools.win32_11.0.1.201907311258/tools/bin/../lib/gcc/arm-none-eabi/8.2.1/../../../../arm-none-eabi/lib/thumb/v6-m/nofp\libcr_c.a(ftell.o)
                0x000029c8                ftell
 .text.__check_heap_overflow
                0x00002a10       0x14 c:/nxp/mcuxpressoide_11.0.1_2563/ide/plugins/com.nxp.mcuxpresso.tools.win32_11.0.1.201907311258/tools/bin/../lib/gcc/arm-none-eabi/8.2.1/../../../../arm-none-eabi/lib/thumb/v6-m/nofp\libcr_c.a(_cr_check_heap.o)
                0x00002a10                __check_heap_overflow
 .text._do_fflush
                0x00002a24       0x44 c:/nxp/mcuxpressoide_11.0.1_2563/ide/plugins/com.nxp.mcuxpresso.tools.win32_11.0.1.201907311258/tools/bin/../lib/gcc/arm-none-eabi/8.2.1/../../../../arm-none-eabi/lib/thumb/v6-m/nofp\libcr_c.a(_do_fflush.o)
                0x00002a24                _do_fflush
 .text._fflush  0x00002a68       0x5c c:/nxp/mcuxpressoide_11.0.1_2563/ide/plugins/com.nxp.mcuxpresso.tools.win32_11.0.1.201907311258/tools/bin/../lib/gcc/arm-none-eabi/8.2.1/../../../../arm-none-eabi/lib/thumb/v6-m/nofp\libcr_c.a(_fflush.o)
                0x00002a68                _fflush
 .text._Cwritebuf
                0x00002ac4       0x68 c:/nxp/mcuxpressoide_11.0.1_2563/ide/plugins/com.nxp.mcuxpresso.tools.win32_11.0.1.201907311258/tools/bin/../lib/gcc/arm-none-eabi/8.2.1/../../../../arm-none-eabi/lib/thumb/v6-m/nofp\libcr_c.a(_writebuf.o)
                0x00002ac4                _Cwritebuf
 .text._deferredlazyseek
                0x00002b2c       0x40 c:/nxp/mcuxpressoide_11.0.1_2563/ide/plugins/com.nxp.mcuxpresso.tools.win32_11.0.1.201907311258/tools/bin/../lib/gcc/arm-none-eabi/8.2.1/../../../../arm-none-eabi/lib/thumb/v6-m/nofp\libcr_c.a(_deferredlazyseek.o)
                0x00002b2c                _deferredlazyseek
 .text.UART_EnableTx
                0x00002b6c       0x40 ./utilities/fsl_debug_console.o
 .text.UART_EnableRx
                0x00002bac       0x40 ./utilities/fsl_debug_console.o
 .text.LPSCI_EnableTx
                0x00002bec       0x40 ./utilities/fsl_debug_console.o
 .text.LPSCI_EnableRx
                0x00002c2c       0x40 ./utilities/fsl_debug_console.o
 .text.DbgConsole_ScanIgnoreWhiteSpace
                0x00002c6c       0x80 ./utilities/fsl_debug_console.o
 .text.DbgConsole_PrintfPaddingCharacter
                0x00002cec       0x46 ./utilities/fsl_debug_console.o
 .text.DbgConsole_ConvertRadixNumToString
                0x00002d32      0x114 ./utilities/fsl_debug_console.o
 .text.DbgConsole_PrintfFormattedData
                0x00002e46      0x336 ./utilities/fsl_debug_console.o
 .text.GPIO_SetPinsOutput
                0x0000317c       0x18 ./source/LED_Blink.o
 .text.GPIO_ClearPinsOutput
                0x00003194       0x18 ./source/LED_Blink.o
 .text.OSC_SetExtRefClkConfig
                0x000031ac       0x3e ./drivers/fsl_clock.o
 .text.OSC_SetCapLoad
                0x000031ea       0x42 ./drivers/fsl_clock.o
 .text.CLOCK_GetPll0RefFreq
                0x0000322c       0x10 ./drivers/fsl_clock.o
 .text.CLOCK_SetExternalRefClkConfig
                0x0000323c       0x16 ./drivers/fsl_clock.o
                0x0000323c                CLOCK_SetExternalRefClkConfig
 .text.GPIO_WritePinOutput
                0x00003252       0x34 ./drivers/fsl_gpio.o
 .text.LPSCI_GetStatusFlags
                0x00003286       0x26 ./drivers/fsl_lpsci.o
                0x00003286                LPSCI_GetStatusFlags
 .text.UART_GetStatusFlags
                0x000032ac       0x26 ./drivers/fsl_uart.o
                0x000032ac                UART_GetStatusFlags
 .text.UART_WriteBlocking
                0x000032d2       0x3a ./drivers/fsl_uart.o
                0x000032d2                UART_WriteBlocking
 .text.BOARD_InitBootClocks
                0x0000330c        0xe ./board/clock_config.o
                0x0000330c                BOARD_InitBootClocks
 .text.BOARD_InitBootPeripherals
                0x0000331a        0xa ./board/peripherals.o
                0x0000331a                BOARD_InitBootPeripherals
 .text.BOARD_InitBootPins
                0x00003324        0xe ./board/pin_mux.o
                0x00003324                BOARD_InitBootPins
 .text.__main   0x00003332        0xc c:/nxp/mcuxpressoide_11.0.1_2563/ide/plugins/com.nxp.mcuxpresso.tools.win32_11.0.1.201907311258/tools/bin/../lib/gcc/arm-none-eabi/8.2.1/../../../../arm-none-eabi/lib/thumb/v6-m/nofp\libcr_nohost_nf.a(_cr__main.o)
                0x00003332                __main
 .text.memset   0x0000333e        0x8 c:/nxp/mcuxpressoide_11.0.1_2563/ide/plugins/com.nxp.mcuxpresso.tools.win32_11.0.1.201907311258/tools/bin/../lib/gcc/arm-none-eabi/8.2.1/../../../../arm-none-eabi/lib/thumb/v6-m/nofp\libcr_c.a(memset.o)
                0x0000333e                memset
 .text.free     0x00003346       0x2c c:/nxp/mcuxpressoide_11.0.1_2563/ide/plugins/com.nxp.mcuxpresso.tools.win32_11.0.1.201907311258/tools/bin/../lib/gcc/arm-none-eabi/8.2.1/../../../../arm-none-eabi/lib/thumb/v6-m/nofp\libcr_c.a(alloc.o)
                0x00003346                free
 .text.remove   0x00003372       0x12 c:/nxp/mcuxpressoide_11.0.1_2563/ide/plugins/com.nxp.mcuxpresso.tools.win32_11.0.1.201907311258/tools/bin/../lib/gcc/arm-none-eabi/8.2.1/../../../../arm-none-eabi/lib/thumb/v6-m/nofp\libcr_c.a(remove.o)
                0x00003372                remove
 .text.__aeabi_division_idivmod
                0x00003384       0x78 c:/nxp/mcuxpressoide_11.0.1_2563/ide/plugins/com.nxp.mcuxpresso.tools.win32_11.0.1.201907311258/tools/bin/../lib/gcc/arm-none-eabi/8.2.1/thumb/v6-m/nofp\libcr_eabihelpers.a(division_32.o)
                0x00003384                __aeabi_idivmod
                0x00003384                __aeabi_idiv
                0x0000338a                __aeabi_uidivmod
                0x0000338a                __aeabi_uidiv
 .text.__aeabi_division_idiv0
                0x000033fc        0x2 c:/nxp/mcuxpressoide_11.0.1_2563/ide/plugins/com.nxp.mcuxpresso.tools.win32_11.0.1.201907311258/tools/bin/../lib/gcc/arm-none-eabi/8.2.1/thumb/v6-m/nofp\libcr_eabihelpers.a(division_idiv0.o)
                0x000033fc                __aeabi_idiv0
 .text.__aeabi_memset_lowlevel
                0x000033fe       0x2a c:/nxp/mcuxpressoide_11.0.1_2563/ide/plugins/com.nxp.mcuxpresso.tools.win32_11.0.1.201907311258/tools/bin/../lib/gcc/arm-none-eabi/8.2.1/thumb/v6-m/nofp\libcr_eabihelpers.a(memcpy.o)
                0x000033fe                __aeabi_lowlevel_memset
 .text.__sys_close
                0x00003428        0x6 c:/nxp/mcuxpressoide_11.0.1_2563/ide/plugins/com.nxp.mcuxpresso.tools.win32_11.0.1.201907311258/tools/bin/../lib/gcc/arm-none-eabi/8.2.1/../../../../arm-none-eabi/lib/thumb/v6-m/nofp\libcr_nohost_nf.a(__sys_close.o)
                0x00003428                __sys_close
 .text.__sys_flen
                0x0000342e        0x6 c:/nxp/mcuxpressoide_11.0.1_2563/ide/plugins/com.nxp.mcuxpresso.tools.win32_11.0.1.201907311258/tools/bin/../lib/gcc/arm-none-eabi/8.2.1/../../../../arm-none-eabi/lib/thumb/v6-m/nofp\libcr_nohost_nf.a(__sys_flen.o)
                0x0000342e                __sys_flen
 .text.__sys_istty
                0x00003434        0x6 c:/nxp/mcuxpressoide_11.0.1_2563/ide/plugins/com.nxp.mcuxpresso.tools.win32_11.0.1.201907311258/tools/bin/../lib/gcc/arm-none-eabi/8.2.1/../../../../arm-none-eabi/lib/thumb/v6-m/nofp\libcr_nohost_nf.a(__sys_istty.o)
                0x00003434                __sys_istty
 .text.__sys_remove
                0x0000343a        0x6 c:/nxp/mcuxpressoide_11.0.1_2563/ide/plugins/com.nxp.mcuxpresso.tools.win32_11.0.1.201907311258/tools/bin/../lib/gcc/arm-none-eabi/8.2.1/../../../../arm-none-eabi/lib/thumb/v6-m/nofp\libcr_nohost_nf.a(__sys_remove.o)
                0x0000343a                __sys_remove
 .text.__sys_seek
                0x00003440        0x6 c:/nxp/mcuxpressoide_11.0.1_2563/ide/plugins/com.nxp.mcuxpresso.tools.win32_11.0.1.201907311258/tools/bin/../lib/gcc/arm-none-eabi/8.2.1/../../../../arm-none-eabi/lib/thumb/v6-m/nofp\libcr_nohost_nf.a(__sys_seek.o)
                0x00003440                __sys_seek
 .text.__sys_tmpnam
                0x00003446        0x6 c:/nxp/mcuxpressoide_11.0.1_2563/ide/plugins/com.nxp.mcuxpresso.tools.win32_11.0.1.201907311258/tools/bin/../lib/gcc/arm-none-eabi/8.2.1/../../../../arm-none-eabi/lib/thumb/v6-m/nofp\libcr_nohost_nf.a(__sys_tmpnam.o)
                0x00003446                __sys_tmpnam
 .text.__sys_write
                0x0000344c        0x4 c:/nxp/mcuxpressoide_11.0.1_2563/ide/plugins/com.nxp.mcuxpresso.tools.win32_11.0.1.201907311258/tools/bin/../lib/gcc/arm-none-eabi/8.2.1/../../../../arm-none-eabi/lib/thumb/v6-m/nofp\libcr_nohost_nf.a(__sys_write.o)
                0x0000344c                __sys_write
 *(SORT_BY_ALIGNMENT(.rodata) SORT_BY_ALIGNMENT(.rodata.*) SORT_BY_ALIGNMENT(.constdata) SORT_BY_ALIGNMENT(.constdata.*))
 .rodata.DbgConsole_ScanfFormattedData
                0x00003450      0x124 ./utilities/fsl_debug_console.o
 .rodata        0x00003574       0x49 ./source/Logger.o
 *fill*         0x000035bd        0x3 ff
 .rodata        0x000035c0       0xc4 ./source/Memory_Functions.o
 .rodata        0x00003684      0x10d ./source/main.o
 *fill*         0x00003791        0x3 ff
 .rodata        0x00003794      0x11d ./drivers/fsl_clock.o
 *fill*         0x000038b1        0x3 ff
 .rodata.fllFactorTable.5230
                0x000038b4       0x10 ./drivers/fsl_clock.o
 .rodata        0x000038c4        0x4 ./drivers/fsl_common.o
 .rodata        0x000038c8       0x62 ./drivers/fsl_gpio.o
 *fill*         0x0000392a        0x2 ff
 .rodata        0x0000392c      0x48c ./drivers/fsl_lpsci.o
 .rodata.s_uartBases
                0x00003db8        0xc ./drivers/fsl_uart.o
 .rodata.s_uartClock
                0x00003dc4        0xc ./drivers/fsl_uart.o
 .rodata        0x00003dd0      0x45b ./drivers/fsl_uart.o
 *fill*         0x0000422b        0x1 ff
 .rodata.mcgConfig_BOARD_BootClockRUN
                0x0000422c        0xa ./board/clock_config.o
                0x0000422c                mcgConfig_BOARD_BootClockRUN
 *fill*         0x00004236        0x2 ff
 .rodata.simConfig_BOARD_BootClockRUN
                0x00004238        0x8 ./board/clock_config.o
                0x00004238                simConfig_BOARD_BootClockRUN
 .rodata.oscConfig_BOARD_BootClockRUN
                0x00004240        0x8 ./board/clock_config.o
                0x00004240                oscConfig_BOARD_BootClockRUN
 .rodata.__num_Ciob_streams
                0x00004248        0x4 c:/nxp/mcuxpressoide_11.0.1_2563/ide/plugins/com.nxp.mcuxpresso.tools.win32_11.0.1.201907311258/tools/bin/../lib/gcc/arm-none-eabi/8.2.1/../../../../arm-none-eabi/lib/thumb/v6-m/nofp\libcr_nohost_nf.a(__ciob.o)
                0x00004248                __num_Ciob_streams
 .rodata._initio.str1.1
                0x0000424c        0x4 c:/nxp/mcuxpressoide_11.0.1_2563/ide/plugins/com.nxp.mcuxpresso.tools.win32_11.0.1.201907311258/tools/bin/../lib/gcc/arm-none-eabi/8.2.1/../../../../arm-none-eabi/lib/thumb/v6-m/nofp\libcr_c.a(initio.o)
                0x00004250                . = ALIGN (0x4)

.glue_7         0x00004250        0x0
 .glue_7        0x00004250        0x0 linker stubs

.glue_7t        0x00004250        0x0
 .glue_7t       0x00004250        0x0 linker stubs

.vfp11_veneer   0x00004250        0x0
 .vfp11_veneer  0x00004250        0x0 linker stubs

.v4_bx          0x00004250        0x0
 .v4_bx         0x00004250        0x0 linker stubs

.iplt           0x00004250        0x0
 .iplt          0x00004250        0x0 ./utilities/fsl_debug_console.o

.rel.dyn        0x00004250        0x0
 .rel.iplt      0x00004250        0x0 ./utilities/fsl_debug_console.o

.ARM.extab
 *(SORT_BY_ALIGNMENT(.ARM.extab*) SORT_BY_ALIGNMENT(.gnu.linkonce.armextab.*))
                0x00004250                __exidx_start = .

.ARM.exidx
 *(SORT_BY_ALIGNMENT(.ARM.exidx*) SORT_BY_ALIGNMENT(.gnu.linkonce.armexidx.*))
                0x00004250                __exidx_end = .
                0x00004250                _etext = .

.m_usb_data
 *(SORT_BY_ALIGNMENT(m_usb_bdt))

.mtb_buffer_default
                0x1ffff000       0x80
 *(SORT_BY_ALIGNMENT(.mtb*))
 .mtb.$RAM1     0x1ffff000       0x80 ./source/mtb.o
                0x1ffff000                __mtb_buffer__

.uninit_RESERVED
                0x1ffff080        0x0
                0x1ffff080                . = ALIGN (0x4)
 *(SORT_BY_ALIGNMENT(.bss.$RESERVED*))
                0x1ffff080                . = ALIGN (0x4)
                0x1ffff080                _end_uninit_RESERVED = .

.data           0x1ffff080       0x18 load address 0x00004250
 FILL mask 0xff
                0x1ffff080                _data = .
 *(SORT_BY_ALIGNMENT(vtable))
 *(SORT_BY_ALIGNMENT(.ramfunc*))
 *(SORT_BY_ALIGNMENT(CodeQuickAccess))
 *(SORT_BY_ALIGNMENT(DataQuickAccess))
 *(SORT_BY_ALIGNMENT(RamFunction))
 *(SORT_BY_ALIGNMENT(.data*))
 .data.cons_val
                0x1ffff080        0x4 ./source/Delay_Function.o
                0x1ffff080                cons_val
 .data.LED_config
                0x1ffff084        0x2 ./source/LED_Blink.o
                0x1ffff084                LED_config
 *fill*         0x1ffff086        0x2 ff
 .data.length   0x1ffff088        0x4 ./source/Memory_Functions.o
                0x1ffff088                length
 .data.Inverting_length
                0x1ffff08c        0x4 ./source/Memory_Functions.o
                0x1ffff08c                Inverting_length
 .data.s_slowIrcFreq
                0x1ffff090        0x4 ./drivers/fsl_clock.o
 .data.SystemCoreClock
                0x1ffff094        0x4 ./CMSIS/system_MKL25Z4.o
                0x1ffff094                SystemCoreClock
                0x1ffff098                . = ALIGN (0x4)
                0x1ffff098                _edata = .

.igot.plt       0x1ffff098        0x0 load address 0x00004268
 .igot.plt      0x1ffff098        0x0 ./utilities/fsl_debug_console.o

.bss            0x1ffff098      0x13c load address 0x00004268
                0x1ffff098                . = ALIGN (0x4)
                0x1ffff098                _bss = .
 *(SORT_BY_ALIGNMENT(.bss*))
 .bss.s_debugConsole
                0x1ffff098       0x10 ./utilities/fsl_debug_console.o
 .bss.j         0x1ffff0a8        0x4 ./source/Delay_Function.o
                0x1ffff0a8                j
 .bss.array5    0x1ffff0ac       0x10 ./source/Memory_Functions.o
                0x1ffff0ac                array5
 .bss.array4    0x1ffff0bc       0x10 ./source/Memory_Functions.o
                0x1ffff0bc                array4
 .bss.array3    0x1ffff0cc       0x10 ./source/Memory_Functions.o
                0x1ffff0cc                array3
 .bss.array2    0x1ffff0dc       0x10 ./source/Memory_Functions.o
                0x1ffff0dc                array2
 .bss.ptr       0x1ffff0ec        0x4 ./source/Memory_Functions.o
                0x1ffff0ec                ptr
 .bss.i         0x1ffff0f0        0x4 ./source/Memory_Functions.o
                0x1ffff0f0                i
 .bss.g_xtal0Freq
                0x1ffff0f4        0x4 ./drivers/fsl_clock.o
                0x1ffff0f4                g_xtal0Freq
 .bss.s_lpsciHandle
                0x1ffff0f8        0x4 ./drivers/fsl_lpsci.o
 .bss.s_lpsciIsr
                0x1ffff0fc        0x4 ./drivers/fsl_lpsci.o
 .bss.s_uartHandle
                0x1ffff100        0xc ./drivers/fsl_uart.o
 .bss.s_uartIsr
                0x1ffff10c        0x4 ./drivers/fsl_uart.o
 .bss.__end_of_heap
                0x1ffff110        0x4 c:/nxp/mcuxpressoide_11.0.1_2563/ide/plugins/com.nxp.mcuxpresso.tools.win32_11.0.1.201907311258/tools/bin/../lib/gcc/arm-none-eabi/8.2.1/../../../../arm-none-eabi/lib/thumb/v6-m/nofp\libcr_c.a(__init_alloc.o)
                0x1ffff110                __end_of_heap
 .bss.__heaps   0x1ffff114        0x4 c:/nxp/mcuxpressoide_11.0.1_2563/ide/plugins/com.nxp.mcuxpresso.tools.win32_11.0.1.201907311258/tools/bin/../lib/gcc/arm-none-eabi/8.2.1/../../../../arm-none-eabi/lib/thumb/v6-m/nofp\libcr_c.a(__init_alloc.o)
                0x1ffff114                __heaps
 .bss.errno     0x1ffff118        0x4 c:/nxp/mcuxpressoide_11.0.1_2563/ide/plugins/com.nxp.mcuxpresso.tools.win32_11.0.1.201907311258/tools/bin/../lib/gcc/arm-none-eabi/8.2.1/../../../../arm-none-eabi/lib/thumb/v6-m/nofp\libcr_c.a(errno.o)
                0x1ffff118                errno
 .bss.__Ciob    0x1ffff11c       0xb4 c:/nxp/mcuxpressoide_11.0.1_2563/ide/plugins/com.nxp.mcuxpresso.tools.win32_11.0.1.201907311258/tools/bin/../lib/gcc/arm-none-eabi/8.2.1/../../../../arm-none-eabi/lib/thumb/v6-m/nofp\libcr_nohost_nf.a(__ciob.o)
                0x1ffff11c                __Ciob
 .bss.log_status
                0x1ffff1d0        0x1 ./source/Logger.o
                0x1ffff1d0                log_status
 *(SORT_BY_ALIGNMENT(COMMON))
                0x1ffff1d4                . = ALIGN (0x4)
 *fill*         0x1ffff1d1        0x3 
                0x1ffff1d4                _ebss = .
                [!provide]                PROVIDE (end = .)

.noinit         0x1ffff1d4        0x0 load address 0x00004268
                0x1ffff1d4                . = ALIGN (0x4)
                0x1ffff1d4                _noinit = .
 *(SORT_BY_ALIGNMENT(.noinit*))
                0x1ffff1d4                . = ALIGN (0x4)
                0x1ffff1d4                _end_noinit = .
                0x00000400                _HeapSize = 0x400

.heap           0x1ffff1d4      0x400 load address 0x00004268
                0x1ffff1d4                _pvHeapStart = .
                0x1ffff5d4                . = (. + _HeapSize)
 *fill*         0x1ffff1d4      0x400 
                0x1ffff5d4                . = ALIGN (0x4)
                0x1ffff5d4                _pvHeapLimit = .
                0x00000400                _StackSize = 0x400

.heap2stackfill
                0x1ffff5d4      0x400 load address 0x00004268
                0x1ffff9d4                . = (. + _StackSize)
 *fill*         0x1ffff5d4      0x400 

.stack          0x20002c00        0x0
                0x20002c00                _vStackBase = .
                0x20002c00                . = ALIGN (0x4)
                0x20003000                _vStackTop = (. + _StackSize)
                0x00000000                _image_start = LOADADDR (.text)
                0x00004268                _image_end = (LOADADDR (.data) + SIZEOF (.data))
                0x00004268                _image_size = (_image_end - _image_start)
OUTPUT(PESProject3.axf elf32-littlearm)

.debug_info     0x00000000     0xa479
 .debug_info    0x00000000      0xe72 ./utilities/fsl_debug_console.o
 .debug_info    0x00000e72      0x4df ./startup/startup_mkl25z4.o
 .debug_info    0x00001351      0x6cf ./source/Delay_Function.o
 .debug_info    0x00001a20      0x865 ./source/LED_Blink.o
 .debug_info    0x00002285      0x73b ./source/Logger.o
 .debug_info    0x000029c0      0xa03 ./source/Memory_Functions.o
 .debug_info    0x000033c3      0x759 ./source/main.o
 .debug_info    0x00003b1c       0x53 ./source/mtb.o
 .debug_info    0x00003b6f       0x3c ./source/semihost_hardfault.o
 .debug_info    0x00003bab     0x1a97 ./drivers/fsl_clock.o
 .debug_info    0x00005642      0x44e ./drivers/fsl_common.o
 .debug_info    0x00005a90      0x566 ./drivers/fsl_gpio.o
 .debug_info    0x00005ff6     0x1469 ./drivers/fsl_lpsci.o
 .debug_info    0x0000745f     0x140a ./drivers/fsl_uart.o
 .debug_info    0x00008869      0x6fa ./board/board.o
 .debug_info    0x00008f63      0xafe ./board/clock_config.o
 .debug_info    0x00009a61       0x3c ./board/peripherals.o
 .debug_info    0x00009a9d      0x5a3 ./board/pin_mux.o
 .debug_info    0x0000a040      0x439 ./CMSIS/system_MKL25Z4.o

.debug_abbrev   0x00000000     0x21ed
 .debug_abbrev  0x00000000      0x2d7 ./utilities/fsl_debug_console.o
 .debug_abbrev  0x000002d7      0x18d ./startup/startup_mkl25z4.o
 .debug_abbrev  0x00000464      0x189 ./source/Delay_Function.o
 .debug_abbrev  0x000005ed      0x1ab ./source/LED_Blink.o
 .debug_abbrev  0x00000798      0x1b1 ./source/Logger.o
 .debug_abbrev  0x00000949      0x20a ./source/Memory_Functions.o
 .debug_abbrev  0x00000b53      0x17a ./source/main.o
 .debug_abbrev  0x00000ccd       0x46 ./source/mtb.o
 .debug_abbrev  0x00000d13       0x31 ./source/semihost_hardfault.o
 .debug_abbrev  0x00000d44      0x36f ./drivers/fsl_clock.o
 .debug_abbrev  0x000010b3      0x27e ./drivers/fsl_common.o
 .debug_abbrev  0x00001331      0x1b8 ./drivers/fsl_gpio.o
 .debug_abbrev  0x000014e9      0x309 ./drivers/fsl_lpsci.o
 .debug_abbrev  0x000017f2      0x323 ./drivers/fsl_uart.o
 .debug_abbrev  0x00001b15      0x185 ./board/board.o
 .debug_abbrev  0x00001c9a      0x211 ./board/clock_config.o
 .debug_abbrev  0x00001eab       0x31 ./board/peripherals.o
 .debug_abbrev  0x00001edc      0x1bb ./board/pin_mux.o
 .debug_abbrev  0x00002097      0x156 ./CMSIS/system_MKL25Z4.o

.debug_aranges  0x00000000      0x918
 .debug_aranges
                0x00000000       0x90 ./utilities/fsl_debug_console.o
 .debug_aranges
                0x00000090      0x160 ./startup/startup_mkl25z4.o
 .debug_aranges
                0x000001f0       0x20 ./source/Delay_Function.o
 .debug_aranges
                0x00000210       0x70 ./source/LED_Blink.o
 .debug_aranges
                0x00000280       0x48 ./source/Logger.o
 .debug_aranges
                0x000002c8       0x60 ./source/Memory_Functions.o
 .debug_aranges
                0x00000328       0x20 ./source/main.o
 .debug_aranges
                0x00000348       0x18 ./source/mtb.o
 .debug_aranges
                0x00000360       0x20 ./source/semihost_hardfault.o
 .debug_aranges
                0x00000380      0x1d8 ./drivers/fsl_clock.o
 .debug_aranges
                0x00000558       0x38 ./drivers/fsl_common.o
 .debug_aranges
                0x00000590       0x40 ./drivers/fsl_gpio.o
 .debug_aranges
                0x000005d0      0x118 ./drivers/fsl_lpsci.o
 .debug_aranges
                0x000006e8      0x130 ./drivers/fsl_uart.o
 .debug_aranges
                0x00000818       0x28 ./board/board.o
 .debug_aranges
                0x00000840       0x58 ./board/clock_config.o
 .debug_aranges
                0x00000898       0x20 ./board/peripherals.o
 .debug_aranges
                0x000008b8       0x38 ./board/pin_mux.o
 .debug_aranges
                0x000008f0       0x28 ./CMSIS/system_MKL25Z4.o

.debug_ranges   0x00000000      0x7e0
 .debug_ranges  0x00000000       0x80 ./utilities/fsl_debug_console.o
 .debug_ranges  0x00000080      0x150 ./startup/startup_mkl25z4.o
 .debug_ranges  0x000001d0       0x10 ./source/Delay_Function.o
 .debug_ranges  0x000001e0       0x60 ./source/LED_Blink.o
 .debug_ranges  0x00000240       0x38 ./source/Logger.o
 .debug_ranges  0x00000278       0x50 ./source/Memory_Functions.o
 .debug_ranges  0x000002c8       0x10 ./source/main.o
 .debug_ranges  0x000002d8       0x10 ./source/semihost_hardfault.o
 .debug_ranges  0x000002e8      0x1c8 ./drivers/fsl_clock.o
 .debug_ranges  0x000004b0       0x28 ./drivers/fsl_common.o
 .debug_ranges  0x000004d8       0x30 ./drivers/fsl_gpio.o
 .debug_ranges  0x00000508      0x108 ./drivers/fsl_lpsci.o
 .debug_ranges  0x00000610      0x120 ./drivers/fsl_uart.o
 .debug_ranges  0x00000730       0x18 ./board/board.o
 .debug_ranges  0x00000748       0x48 ./board/clock_config.o
 .debug_ranges  0x00000790       0x10 ./board/peripherals.o
 .debug_ranges  0x000007a0       0x28 ./board/pin_mux.o
 .debug_ranges  0x000007c8       0x18 ./CMSIS/system_MKL25Z4.o

.debug_macro    0x00000000     0x94e6
 .debug_macro   0x00000000      0x127 ./utilities/fsl_debug_console.o
 .debug_macro   0x00000127      0xaa8 ./utilities/fsl_debug_console.o
 .debug_macro   0x00000bcf       0x10 ./utilities/fsl_debug_console.o
 .debug_macro   0x00000bdf       0x16 ./utilities/fsl_debug_console.o
 .debug_macro   0x00000bf5       0x10 ./utilities/fsl_debug_console.o
 .debug_macro   0x00000c05      0x12e ./utilities/fsl_debug_console.o
 .debug_macro   0x00000d33       0x28 ./utilities/fsl_debug_console.o
 .debug_macro   0x00000d5b       0xc4 ./utilities/fsl_debug_console.o
 .debug_macro   0x00000e1f       0x16 ./utilities/fsl_debug_console.o
 .debug_macro   0x00000e35       0x22 ./utilities/fsl_debug_console.o
 .debug_macro   0x00000e57      0x5b3 ./utilities/fsl_debug_console.o
 .debug_macro   0x0000140a       0x10 ./utilities/fsl_debug_console.o
 .debug_macro   0x0000141a       0x3f ./utilities/fsl_debug_console.o
 .debug_macro   0x00001459       0x3a ./utilities/fsl_debug_console.o
 .debug_macro   0x00001493       0x26 ./utilities/fsl_debug_console.o
 .debug_macro   0x000014b9      0x329 ./utilities/fsl_debug_console.o
 .debug_macro   0x000017e2       0x30 ./utilities/fsl_debug_console.o
 .debug_macro   0x00001812     0x51e2 ./utilities/fsl_debug_console.o
 .debug_macro   0x000069f4     0x1352 ./utilities/fsl_debug_console.o
 .debug_macro   0x00007d46       0x3a ./utilities/fsl_debug_console.o
 .debug_macro   0x00007d80       0xf4 ./utilities/fsl_debug_console.o
 .debug_macro   0x00007e74       0x35 ./utilities/fsl_debug_console.o
 .debug_macro   0x00007ea9       0x2e ./utilities/fsl_debug_console.o
 .debug_macro   0x00007ed7       0x10 ./utilities/fsl_debug_console.o
 .debug_macro   0x00007ee7       0x10 ./utilities/fsl_debug_console.o
 .debug_macro   0x00007ef7       0x29 ./startup/startup_mkl25z4.o
 .debug_macro   0x00007f20      0x19d ./source/Delay_Function.o
 .debug_macro   0x000080bd       0xd8 ./source/Delay_Function.o
 .debug_macro   0x00008195       0x22 ./source/Delay_Function.o
 .debug_macro   0x000081b7       0x7c ./source/Delay_Function.o
 .debug_macro   0x00008233       0x16 ./source/Delay_Function.o
 .debug_macro   0x00008249       0x10 ./source/Delay_Function.o
 .debug_macro   0x00008259      0x112 ./source/Delay_Function.o
 .debug_macro   0x0000836b       0x64 ./source/Delay_Function.o
 .debug_macro   0x000083cf       0x34 ./source/Delay_Function.o
 .debug_macro   0x00008403       0x10 ./source/Delay_Function.o
 .debug_macro   0x00008413      0x19d ./source/LED_Blink.o
 .debug_macro   0x000085b0      0x18f ./source/Logger.o
 .debug_macro   0x0000873f      0x1bf ./source/Memory_Functions.o
 .debug_macro   0x000088fe      0x1c9 ./source/main.o
 .debug_macro   0x00008ac7       0x2f ./source/mtb.o
 .debug_macro   0x00008af6       0x82 ./source/mtb.o
 .debug_macro   0x00008b78       0x10 ./source/mtb.o
 .debug_macro   0x00008b88       0x11 ./source/semihost_hardfault.o
 .debug_macro   0x00008b99      0x196 ./drivers/fsl_clock.o
 .debug_macro   0x00008d2f       0x1c ./drivers/fsl_clock.o
 .debug_macro   0x00008d4b       0xef ./drivers/fsl_common.o
 .debug_macro   0x00008e3a       0xec ./drivers/fsl_gpio.o
 .debug_macro   0x00008f26       0xec ./drivers/fsl_lpsci.o
 .debug_macro   0x00009012       0xf2 ./drivers/fsl_uart.o
 .debug_macro   0x00009104      0x112 ./board/board.o
 .debug_macro   0x00009216      0x123 ./board/clock_config.o
 .debug_macro   0x00009339       0x1b ./board/peripherals.o
 .debug_macro   0x00009354       0xee ./board/pin_mux.o
 .debug_macro   0x00009442       0x10 ./board/pin_mux.o
 .debug_macro   0x00009452       0x94 ./CMSIS/system_MKL25Z4.o

.debug_line     0x00000000     0x661c
 .debug_line    0x00000000      0xc18 ./utilities/fsl_debug_console.o
 .debug_line    0x00000c18      0x1e7 ./startup/startup_mkl25z4.o
 .debug_line    0x00000dff      0x37a ./source/Delay_Function.o
 .debug_line    0x00001179      0x453 ./source/LED_Blink.o
 .debug_line    0x000015cc      0x3c8 ./source/Logger.o
 .debug_line    0x00001994      0x738 ./source/Memory_Functions.o
 .debug_line    0x000020cc      0x394 ./source/main.o
 .debug_line    0x00002460       0xd1 ./source/mtb.o
 .debug_line    0x00002531       0x5a ./source/semihost_hardfault.o
 .debug_line    0x0000258b     0x12b1 ./drivers/fsl_clock.o
 .debug_line    0x0000383c      0x350 ./drivers/fsl_common.o
 .debug_line    0x00003b8c      0x34b ./drivers/fsl_gpio.o
 .debug_line    0x00003ed7      0xd32 ./drivers/fsl_lpsci.o
 .debug_line    0x00004c09      0xd21 ./drivers/fsl_uart.o
 .debug_line    0x0000592a      0x2e3 ./board/board.o
 .debug_line    0x00005c0d      0x373 ./board/clock_config.o
 .debug_line    0x00005f80       0x5c ./board/peripherals.o
 .debug_line    0x00005fdc      0x301 ./board/pin_mux.o
 .debug_line    0x000062dd      0x33f ./CMSIS/system_MKL25Z4.o

.debug_str      0x00000000    0x366b9
 .debug_str     0x00000000    0x314cb ./utilities/fsl_debug_console.o
                              0x3176f (size before relaxing)
 .debug_str     0x000314cb      0x3e1 ./startup/startup_mkl25z4.o
                               0x31c2 (size before relaxing)
 .debug_str     0x000318ac     0x14b9 ./source/Delay_Function.o
                              0x324e2 (size before relaxing)
 .debug_str     0x00032d65      0x172 ./source/LED_Blink.o
                              0x32615 (size before relaxing)
 .debug_str     0x00032ed7       0x89 ./source/Logger.o
                              0x3250c (size before relaxing)
 .debug_str     0x00032f60      0x15d ./source/Memory_Functions.o
                              0x32618 (size before relaxing)
 .debug_str     0x000330bd       0x16 ./source/main.o
                              0x32540 (size before relaxing)
 .debug_str     0x000330d3      0x532 ./source/mtb.o
                               0x32ce (size before relaxing)
 .debug_str     0x00033605       0x1f ./source/semihost_hardfault.o
                               0x2dbb (size before relaxing)
 .debug_str     0x00033624     0x15b1 ./drivers/fsl_clock.o
                              0x322c9 (size before relaxing)
 .debug_str     0x00034bd5      0x2d6 ./drivers/fsl_common.o
                              0x308b0 (size before relaxing)
 .debug_str     0x00034eab       0xcc ./drivers/fsl_gpio.o
                              0x30b2e (size before relaxing)
 .debug_str     0x00034f77      0x9b9 ./drivers/fsl_lpsci.o
                              0x318d1 (size before relaxing)
 .debug_str     0x00035930      0x832 ./drivers/fsl_uart.o
                              0x318f4 (size before relaxing)
 .debug_str     0x00036162       0x4c ./board/board.o
                              0x3140e (size before relaxing)
 .debug_str     0x000361ae      0x300 ./board/clock_config.o
                              0x311f7 (size before relaxing)
 .debug_str     0x000364ae       0x31 ./board/peripherals.o
                               0x2dcc (size before relaxing)
 .debug_str     0x000364df      0x18b ./board/pin_mux.o
                              0x30b0b (size before relaxing)
 .debug_str     0x0003666a       0x4f ./CMSIS/system_MKL25Z4.o
                              0x2fc33 (size before relaxing)

.comment        0x00000000       0x75
 .comment       0x00000000       0x75 ./utilities/fsl_debug_console.o
                                 0x76 (size before relaxing)
 .comment       0x00000075       0x76 ./startup/startup_mkl25z4.o
 .comment       0x00000075       0x76 ./source/Delay_Function.o
 .comment       0x00000075       0x76 ./source/LED_Blink.o
 .comment       0x00000075       0x76 ./source/Logger.o
 .comment       0x00000075       0x76 ./source/Memory_Functions.o
 .comment       0x00000075       0x76 ./source/main.o
 .comment       0x00000075       0x76 ./source/mtb.o
 .comment       0x00000075       0x76 ./source/semihost_hardfault.o
 .comment       0x00000075       0x76 ./drivers/fsl_clock.o
 .comment       0x00000075       0x76 ./drivers/fsl_common.o
 .comment       0x00000075       0x76 ./drivers/fsl_gpio.o
 .comment       0x00000075       0x76 ./drivers/fsl_lpsci.o
 .comment       0x00000075       0x76 ./drivers/fsl_uart.o
 .comment       0x00000075       0x76 ./board/board.o
 .comment       0x00000075       0x76 ./board/clock_config.o
 .comment       0x00000075       0x76 ./board/peripherals.o
 .comment       0x00000075       0x76 ./board/pin_mux.o
 .comment       0x00000075       0x76 ./CMSIS/system_MKL25Z4.o
 .comment       0x00000075       0x76 c:/nxp/mcuxpressoide_11.0.1_2563/ide/plugins/com.nxp.mcuxpresso.tools.win32_11.0.1.201907311258/tools/bin/../lib/gcc/arm-none-eabi/8.2.1/../../../../arm-none-eabi/lib/thumb/v6-m/nofp\libcr_nohost_nf.a(_cr__main.o)
 .comment       0x00000075       0x76 c:/nxp/mcuxpressoide_11.0.1_2563/ide/plugins/com.nxp.mcuxpresso.tools.win32_11.0.1.201907311258/tools/bin/../lib/gcc/arm-none-eabi/8.2.1/../../../../arm-none-eabi/lib/thumb/v6-m/nofp\libcr_c.a(memset.o)
 .comment       0x00000075       0x76 c:/nxp/mcuxpressoide_11.0.1_2563/ide/plugins/com.nxp.mcuxpresso.tools.win32_11.0.1.201907311258/tools/bin/../lib/gcc/arm-none-eabi/8.2.1/../../../../arm-none-eabi/lib/thumb/v6-m/nofp\libcr_c.a(alloc.o)
 .comment       0x00000075       0x76 c:/nxp/mcuxpressoide_11.0.1_2563/ide/plugins/com.nxp.mcuxpresso.tools.win32_11.0.1.201907311258/tools/bin/../lib/gcc/arm-none-eabi/8.2.1/../../../../arm-none-eabi/lib/thumb/v6-m/nofp\libcr_c.a(initio.o)
 .comment       0x00000075       0x76 c:/nxp/mcuxpressoide_11.0.1_2563/ide/plugins/com.nxp.mcuxpresso.tools.win32_11.0.1.201907311258/tools/bin/../lib/gcc/arm-none-eabi/8.2.1/../../../../arm-none-eabi/lib/thumb/v6-m/nofp\libcr_c.a(setvbuf.o)
 .comment       0x00000075       0x76 c:/nxp/mcuxpressoide_11.0.1_2563/ide/plugins/com.nxp.mcuxpresso.tools.win32_11.0.1.201907311258/tools/bin/../lib/gcc/arm-none-eabi/8.2.1/../../../../arm-none-eabi/lib/thumb/v6-m/nofp\libcr_c.a(strlen.o)
 .comment       0x00000075       0x76 c:/nxp/mcuxpressoide_11.0.1_2563/ide/plugins/com.nxp.mcuxpresso.tools.win32_11.0.1.201907311258/tools/bin/../lib/gcc/arm-none-eabi/8.2.1/../../../../arm-none-eabi/lib/thumb/v6-m/nofp\libcr_c.a(__init_alloc.o)
 .comment       0x00000075       0x76 c:/nxp/mcuxpressoide_11.0.1_2563/ide/plugins/com.nxp.mcuxpresso.tools.win32_11.0.1.201907311258/tools/bin/../lib/gcc/arm-none-eabi/8.2.1/../../../../arm-none-eabi/lib/thumb/v6-m/nofp\libcr_c.a(_cr_sbrk.o)
 .comment       0x00000075       0x76 c:/nxp/mcuxpressoide_11.0.1_2563/ide/plugins/com.nxp.mcuxpresso.tools.win32_11.0.1.201907311258/tools/bin/../lib/gcc/arm-none-eabi/8.2.1/../../../../arm-none-eabi/lib/thumb/v6-m/nofp\libcr_c.a(_fdopen.o)
 .comment       0x00000075       0x76 c:/nxp/mcuxpressoide_11.0.1_2563/ide/plugins/com.nxp.mcuxpresso.tools.win32_11.0.1.201907311258/tools/bin/../lib/gcc/arm-none-eabi/8.2.1/../../../../arm-none-eabi/lib/thumb/v6-m/nofp\libcr_c.a(errno.o)
 .comment       0x00000075       0x76 c:/nxp/mcuxpressoide_11.0.1_2563/ide/plugins/com.nxp.mcuxpresso.tools.win32_11.0.1.201907311258/tools/bin/../lib/gcc/arm-none-eabi/8.2.1/../../../../arm-none-eabi/lib/thumb/v6-m/nofp\libcr_c.a(fclose.o)
 .comment       0x00000075       0x76 c:/nxp/mcuxpressoide_11.0.1_2563/ide/plugins/com.nxp.mcuxpresso.tools.win32_11.0.1.201907311258/tools/bin/../lib/gcc/arm-none-eabi/8.2.1/../../../../arm-none-eabi/lib/thumb/v6-m/nofp\libcr_c.a(fflush.o)
 .comment       0x00000075       0x76 c:/nxp/mcuxpressoide_11.0.1_2563/ide/plugins/com.nxp.mcuxpresso.tools.win32_11.0.1.201907311258/tools/bin/../lib/gcc/arm-none-eabi/8.2.1/../../../../arm-none-eabi/lib/thumb/v6-m/nofp\libcr_c.a(fseek.o)
 .comment       0x00000075       0x76 c:/nxp/mcuxpressoide_11.0.1_2563/ide/plugins/com.nxp.mcuxpresso.tools.win32_11.0.1.201907311258/tools/bin/../lib/gcc/arm-none-eabi/8.2.1/../../../../arm-none-eabi/lib/thumb/v6-m/nofp\libcr_c.a(ftell.o)
 .comment       0x00000075       0x76 c:/nxp/mcuxpressoide_11.0.1_2563/ide/plugins/com.nxp.mcuxpresso.tools.win32_11.0.1.201907311258/tools/bin/../lib/gcc/arm-none-eabi/8.2.1/../../../../arm-none-eabi/lib/thumb/v6-m/nofp\libcr_c.a(remove.o)
 .comment       0x00000075       0x76 c:/nxp/mcuxpressoide_11.0.1_2563/ide/plugins/com.nxp.mcuxpresso.tools.win32_11.0.1.201907311258/tools/bin/../lib/gcc/arm-none-eabi/8.2.1/../../../../arm-none-eabi/lib/thumb/v6-m/nofp\libcr_c.a(_cr_check_heap.o)
 .comment       0x00000075       0x76 c:/nxp/mcuxpressoide_11.0.1_2563/ide/plugins/com.nxp.mcuxpresso.tools.win32_11.0.1.201907311258/tools/bin/../lib/gcc/arm-none-eabi/8.2.1/../../../../arm-none-eabi/lib/thumb/v6-m/nofp\libcr_c.a(_do_fflush.o)
 .comment       0x00000075       0x76 c:/nxp/mcuxpressoide_11.0.1_2563/ide/plugins/com.nxp.mcuxpresso.tools.win32_11.0.1.201907311258/tools/bin/../lib/gcc/arm-none-eabi/8.2.1/../../../../arm-none-eabi/lib/thumb/v6-m/nofp\libcr_c.a(_fflush.o)
 .comment       0x00000075       0x76 c:/nxp/mcuxpressoide_11.0.1_2563/ide/plugins/com.nxp.mcuxpresso.tools.win32_11.0.1.201907311258/tools/bin/../lib/gcc/arm-none-eabi/8.2.1/../../../../arm-none-eabi/lib/thumb/v6-m/nofp\libcr_c.a(_writebuf.o)
 .comment       0x00000075       0x76 c:/nxp/mcuxpressoide_11.0.1_2563/ide/plugins/com.nxp.mcuxpresso.tools.win32_11.0.1.201907311258/tools/bin/../lib/gcc/arm-none-eabi/8.2.1/../../../../arm-none-eabi/lib/thumb/v6-m/nofp\libcr_c.a(_deferredlazyseek.o)
 .comment       0x00000075       0x76 c:/nxp/mcuxpressoide_11.0.1_2563/ide/plugins/com.nxp.mcuxpresso.tools.win32_11.0.1.201907311258/tools/bin/../lib/gcc/arm-none-eabi/8.2.1/../../../../arm-none-eabi/lib/thumb/v6-m/nofp\libcr_nohost_nf.a(__ciob.o)
 .comment       0x00000075       0x76 c:/nxp/mcuxpressoide_11.0.1_2563/ide/plugins/com.nxp.mcuxpresso.tools.win32_11.0.1.201907311258/tools/bin/../lib/gcc/arm-none-eabi/8.2.1/../../../../arm-none-eabi/lib/thumb/v6-m/nofp\libcr_nohost_nf.a(__sys_close.o)
 .comment       0x00000075       0x76 c:/nxp/mcuxpressoide_11.0.1_2563/ide/plugins/com.nxp.mcuxpresso.tools.win32_11.0.1.201907311258/tools/bin/../lib/gcc/arm-none-eabi/8.2.1/../../../../arm-none-eabi/lib/thumb/v6-m/nofp\libcr_nohost_nf.a(__sys_flen.o)
 .comment       0x00000075       0x76 c:/nxp/mcuxpressoide_11.0.1_2563/ide/plugins/com.nxp.mcuxpresso.tools.win32_11.0.1.201907311258/tools/bin/../lib/gcc/arm-none-eabi/8.2.1/../../../../arm-none-eabi/lib/thumb/v6-m/nofp\libcr_nohost_nf.a(__sys_istty.o)
 .comment       0x00000075       0x76 c:/nxp/mcuxpressoide_11.0.1_2563/ide/plugins/com.nxp.mcuxpresso.tools.win32_11.0.1.201907311258/tools/bin/../lib/gcc/arm-none-eabi/8.2.1/../../../../arm-none-eabi/lib/thumb/v6-m/nofp\libcr_nohost_nf.a(__sys_remove.o)
 .comment       0x00000075       0x76 c:/nxp/mcuxpressoide_11.0.1_2563/ide/plugins/com.nxp.mcuxpresso.tools.win32_11.0.1.201907311258/tools/bin/../lib/gcc/arm-none-eabi/8.2.1/../../../../arm-none-eabi/lib/thumb/v6-m/nofp\libcr_nohost_nf.a(__sys_seek.o)
 .comment       0x00000075       0x76 c:/nxp/mcuxpressoide_11.0.1_2563/ide/plugins/com.nxp.mcuxpresso.tools.win32_11.0.1.201907311258/tools/bin/../lib/gcc/arm-none-eabi/8.2.1/../../../../arm-none-eabi/lib/thumb/v6-m/nofp\libcr_nohost_nf.a(__sys_tmpnam.o)
 .comment       0x00000075       0x76 c:/nxp/mcuxpressoide_11.0.1_2563/ide/plugins/com.nxp.mcuxpresso.tools.win32_11.0.1.201907311258/tools/bin/../lib/gcc/arm-none-eabi/8.2.1/../../../../arm-none-eabi/lib/thumb/v6-m/nofp\libcr_nohost_nf.a(__sys_write.o)

.ARM.attributes
                0x00000000       0x2a
 .ARM.attributes
                0x00000000       0x2c ./utilities/fsl_debug_console.o
 .ARM.attributes
                0x0000002c       0x2c ./startup/startup_mkl25z4.o
 .ARM.attributes
                0x00000058       0x2c ./source/Delay_Function.o
 .ARM.attributes
                0x00000084       0x2c ./source/LED_Blink.o
 .ARM.attributes
                0x000000b0       0x2c ./source/Logger.o
 .ARM.attributes
                0x000000dc       0x2c ./source/Memory_Functions.o
 .ARM.attributes
                0x00000108       0x2c ./source/main.o
 .ARM.attributes
                0x00000134       0x32 ./source/mtb.o
 .ARM.attributes
                0x00000166       0x2c ./source/semihost_hardfault.o
 .ARM.attributes
                0x00000192       0x2c ./drivers/fsl_clock.o
 .ARM.attributes
                0x000001be       0x2c ./drivers/fsl_common.o
 .ARM.attributes
                0x000001ea       0x2c ./drivers/fsl_gpio.o
 .ARM.attributes
                0x00000216       0x2c ./drivers/fsl_lpsci.o
 .ARM.attributes
                0x00000242       0x2c ./drivers/fsl_uart.o
 .ARM.attributes
                0x0000026e       0x2c ./board/board.o
 .ARM.attributes
                0x0000029a       0x2c ./board/clock_config.o
 .ARM.attributes
                0x000002c6       0x2c ./board/peripherals.o
 .ARM.attributes
                0x000002f2       0x2c ./board/pin_mux.o
 .ARM.attributes
                0x0000031e       0x2c ./CMSIS/system_MKL25Z4.o
 .ARM.attributes
                0x0000034a       0x2c c:/nxp/mcuxpressoide_11.0.1_2563/ide/plugins/com.nxp.mcuxpresso.tools.win32_11.0.1.201907311258/tools/bin/../lib/gcc/arm-none-eabi/8.2.1/../../../../arm-none-eabi/lib/thumb/v6-m/nofp\libcr_nohost_nf.a(_cr__main.o)
 .ARM.attributes
                0x00000376       0x2c c:/nxp/mcuxpressoide_11.0.1_2563/ide/plugins/com.nxp.mcuxpresso.tools.win32_11.0.1.201907311258/tools/bin/../lib/gcc/arm-none-eabi/8.2.1/../../../../arm-none-eabi/lib/thumb/v6-m/nofp\libcr_c.a(memset.o)
 .ARM.attributes
                0x000003a2       0x2c c:/nxp/mcuxpressoide_11.0.1_2563/ide/plugins/com.nxp.mcuxpresso.tools.win32_11.0.1.201907311258/tools/bin/../lib/gcc/arm-none-eabi/8.2.1/../../../../arm-none-eabi/lib/thumb/v6-m/nofp\libcr_c.a(alloc.o)
 .ARM.attributes
                0x000003ce       0x2c c:/nxp/mcuxpressoide_11.0.1_2563/ide/plugins/com.nxp.mcuxpresso.tools.win32_11.0.1.201907311258/tools/bin/../lib/gcc/arm-none-eabi/8.2.1/../../../../arm-none-eabi/lib/thumb/v6-m/nofp\libcr_c.a(initio.o)
 .ARM.attributes
                0x000003fa       0x2c c:/nxp/mcuxpressoide_11.0.1_2563/ide/plugins/com.nxp.mcuxpresso.tools.win32_11.0.1.201907311258/tools/bin/../lib/gcc/arm-none-eabi/8.2.1/../../../../arm-none-eabi/lib/thumb/v6-m/nofp\libcr_c.a(setvbuf.o)
 .ARM.attributes
                0x00000426       0x2c c:/nxp/mcuxpressoide_11.0.1_2563/ide/plugins/com.nxp.mcuxpresso.tools.win32_11.0.1.201907311258/tools/bin/../lib/gcc/arm-none-eabi/8.2.1/../../../../arm-none-eabi/lib/thumb/v6-m/nofp\libcr_c.a(strlen.o)
 .ARM.attributes
                0x00000452       0x2c c:/nxp/mcuxpressoide_11.0.1_2563/ide/plugins/com.nxp.mcuxpresso.tools.win32_11.0.1.201907311258/tools/bin/../lib/gcc/arm-none-eabi/8.2.1/../../../../arm-none-eabi/lib/thumb/v6-m/nofp\libcr_c.a(__init_alloc.o)
 .ARM.attributes
                0x0000047e       0x2c c:/nxp/mcuxpressoide_11.0.1_2563/ide/plugins/com.nxp.mcuxpresso.tools.win32_11.0.1.201907311258/tools/bin/../lib/gcc/arm-none-eabi/8.2.1/../../../../arm-none-eabi/lib/thumb/v6-m/nofp\libcr_c.a(_cr_sbrk.o)
 .ARM.attributes
                0x000004aa       0x2c c:/nxp/mcuxpressoide_11.0.1_2563/ide/plugins/com.nxp.mcuxpresso.tools.win32_11.0.1.201907311258/tools/bin/../lib/gcc/arm-none-eabi/8.2.1/../../../../arm-none-eabi/lib/thumb/v6-m/nofp\libcr_c.a(_fdopen.o)
 .ARM.attributes
                0x000004d6       0x31 c:/nxp/mcuxpressoide_11.0.1_2563/ide/plugins/com.nxp.mcuxpresso.tools.win32_11.0.1.201907311258/tools/bin/../lib/gcc/arm-none-eabi/8.2.1/../../../../arm-none-eabi/lib/thumb/v6-m/nofp\libcr_c.a(errno.o)
 .ARM.attributes
                0x00000507       0x2c c:/nxp/mcuxpressoide_11.0.1_2563/ide/plugins/com.nxp.mcuxpresso.tools.win32_11.0.1.201907311258/tools/bin/../lib/gcc/arm-none-eabi/8.2.1/../../../../arm-none-eabi/lib/thumb/v6-m/nofp\libcr_c.a(fclose.o)
 .ARM.attributes
                0x00000533       0x2c c:/nxp/mcuxpressoide_11.0.1_2563/ide/plugins/com.nxp.mcuxpresso.tools.win32_11.0.1.201907311258/tools/bin/../lib/gcc/arm-none-eabi/8.2.1/../../../../arm-none-eabi/lib/thumb/v6-m/nofp\libcr_c.a(fflush.o)
 .ARM.attributes
                0x0000055f       0x2c c:/nxp/mcuxpressoide_11.0.1_2563/ide/plugins/com.nxp.mcuxpresso.tools.win32_11.0.1.201907311258/tools/bin/../lib/gcc/arm-none-eabi/8.2.1/../../../../arm-none-eabi/lib/thumb/v6-m/nofp\libcr_c.a(fseek.o)
 .ARM.attributes
                0x0000058b       0x2c c:/nxp/mcuxpressoide_11.0.1_2563/ide/plugins/com.nxp.mcuxpresso.tools.win32_11.0.1.201907311258/tools/bin/../lib/gcc/arm-none-eabi/8.2.1/../../../../arm-none-eabi/lib/thumb/v6-m/nofp\libcr_c.a(ftell.o)
 .ARM.attributes
                0x000005b7       0x2c c:/nxp/mcuxpressoide_11.0.1_2563/ide/plugins/com.nxp.mcuxpresso.tools.win32_11.0.1.201907311258/tools/bin/../lib/gcc/arm-none-eabi/8.2.1/../../../../arm-none-eabi/lib/thumb/v6-m/nofp\libcr_c.a(remove.o)
 .ARM.attributes
                0x000005e3       0x2c c:/nxp/mcuxpressoide_11.0.1_2563/ide/plugins/com.nxp.mcuxpresso.tools.win32_11.0.1.201907311258/tools/bin/../lib/gcc/arm-none-eabi/8.2.1/../../../../arm-none-eabi/lib/thumb/v6-m/nofp\libcr_c.a(_cr_check_heap.o)
 .ARM.attributes
                0x0000060f       0x2c c:/nxp/mcuxpressoide_11.0.1_2563/ide/plugins/com.nxp.mcuxpresso.tools.win32_11.0.1.201907311258/tools/bin/../lib/gcc/arm-none-eabi/8.2.1/../../../../arm-none-eabi/lib/thumb/v6-m/nofp\libcr_c.a(_do_fflush.o)
 .ARM.attributes
                0x0000063b       0x2c c:/nxp/mcuxpressoide_11.0.1_2563/ide/plugins/com.nxp.mcuxpresso.tools.win32_11.0.1.201907311258/tools/bin/../lib/gcc/arm-none-eabi/8.2.1/../../../../arm-none-eabi/lib/thumb/v6-m/nofp\libcr_c.a(_fflush.o)
 .ARM.attributes
                0x00000667       0x2c c:/nxp/mcuxpressoide_11.0.1_2563/ide/plugins/com.nxp.mcuxpresso.tools.win32_11.0.1.201907311258/tools/bin/../lib/gcc/arm-none-eabi/8.2.1/../../../../arm-none-eabi/lib/thumb/v6-m/nofp\libcr_c.a(_writebuf.o)
 .ARM.attributes
                0x00000693       0x2c c:/nxp/mcuxpressoide_11.0.1_2563/ide/plugins/com.nxp.mcuxpresso.tools.win32_11.0.1.201907311258/tools/bin/../lib/gcc/arm-none-eabi/8.2.1/../../../../arm-none-eabi/lib/thumb/v6-m/nofp\libcr_c.a(_deferredlazyseek.o)
 .ARM.attributes
                0x000006bf       0x1c c:/nxp/mcuxpressoide_11.0.1_2563/ide/plugins/com.nxp.mcuxpresso.tools.win32_11.0.1.201907311258/tools/bin/../lib/gcc/arm-none-eabi/8.2.1/thumb/v6-m/nofp\libcr_eabihelpers.a(division_32.o)
 .ARM.attributes
                0x000006db       0x1c c:/nxp/mcuxpressoide_11.0.1_2563/ide/plugins/com.nxp.mcuxpresso.tools.win32_11.0.1.201907311258/tools/bin/../lib/gcc/arm-none-eabi/8.2.1/thumb/v6-m/nofp\libcr_eabihelpers.a(division_idiv0.o)
 .ARM.attributes
                0x000006f7       0x1c c:/nxp/mcuxpressoide_11.0.1_2563/ide/plugins/com.nxp.mcuxpresso.tools.win32_11.0.1.201907311258/tools/bin/../lib/gcc/arm-none-eabi/8.2.1/thumb/v6-m/nofp\libcr_eabihelpers.a(memcpy.o)
 .ARM.attributes
                0x00000713       0x31 c:/nxp/mcuxpressoide_11.0.1_2563/ide/plugins/com.nxp.mcuxpresso.tools.win32_11.0.1.201907311258/tools/bin/../lib/gcc/arm-none-eabi/8.2.1/../../../../arm-none-eabi/lib/thumb/v6-m/nofp\libcr_nohost_nf.a(__ciob.o)
 .ARM.attributes
                0x00000744       0x2c c:/nxp/mcuxpressoide_11.0.1_2563/ide/plugins/com.nxp.mcuxpresso.tools.win32_11.0.1.201907311258/tools/bin/../lib/gcc/arm-none-eabi/8.2.1/../../../../arm-none-eabi/lib/thumb/v6-m/nofp\libcr_nohost_nf.a(__sys_close.o)
 .ARM.attributes
                0x00000770       0x2c c:/nxp/mcuxpressoide_11.0.1_2563/ide/plugins/com.nxp.mcuxpresso.tools.win32_11.0.1.201907311258/tools/bin/../lib/gcc/arm-none-eabi/8.2.1/../../../../arm-none-eabi/lib/thumb/v6-m/nofp\libcr_nohost_nf.a(__sys_flen.o)
 .ARM.attributes
                0x0000079c       0x2c c:/nxp/mcuxpressoide_11.0.1_2563/ide/plugins/com.nxp.mcuxpresso.tools.win32_11.0.1.201907311258/tools/bin/../lib/gcc/arm-none-eabi/8.2.1/../../../../arm-none-eabi/lib/thumb/v6-m/nofp\libcr_nohost_nf.a(__sys_istty.o)
 .ARM.attributes
                0x000007c8       0x2c c:/nxp/mcuxpressoide_11.0.1_2563/ide/plugins/com.nxp.mcuxpresso.tools.win32_11.0.1.201907311258/tools/bin/../lib/gcc/arm-none-eabi/8.2.1/../../../../arm-none-eabi/lib/thumb/v6-m/nofp\libcr_nohost_nf.a(__sys_remove.o)
 .ARM.attributes
                0x000007f4       0x2c c:/nxp/mcuxpressoide_11.0.1_2563/ide/plugins/com.nxp.mcuxpresso.tools.win32_11.0.1.201907311258/tools/bin/../lib/gcc/arm-none-eabi/8.2.1/../../../../arm-none-eabi/lib/thumb/v6-m/nofp\libcr_nohost_nf.a(__sys_seek.o)
 .ARM.attributes
                0x00000820       0x2c c:/nxp/mcuxpressoide_11.0.1_2563/ide/plugins/com.nxp.mcuxpresso.tools.win32_11.0.1.201907311258/tools/bin/../lib/gcc/arm-none-eabi/8.2.1/../../../../arm-none-eabi/lib/thumb/v6-m/nofp\libcr_nohost_nf.a(__sys_tmpnam.o)
 .ARM.attributes
                0x0000084c       0x2c c:/nxp/mcuxpressoide_11.0.1_2563/ide/plugins/com.nxp.mcuxpresso.tools.win32_11.0.1.201907311258/tools/bin/../lib/gcc/arm-none-eabi/8.2.1/../../../../arm-none-eabi/lib/thumb/v6-m/nofp\libcr_nohost_nf.a(__sys_write.o)

.debug_frame    0x00000000     0x1c4c
 .debug_frame   0x00000000      0x1f0 ./utilities/fsl_debug_console.o
 .debug_frame   0x000001f0      0x3b0 ./startup/startup_mkl25z4.o
 .debug_frame   0x000005a0       0x30 ./source/Delay_Function.o
 .debug_frame   0x000005d0      0x14c ./source/LED_Blink.o
 .debug_frame   0x0000071c       0xc4 ./source/Logger.o
 .debug_frame   0x000007e0      0x12c ./source/Memory_Functions.o
 .debug_frame   0x0000090c       0x30 ./source/main.o
 .debug_frame   0x0000093c       0x20 ./source/semihost_hardfault.o
 .debug_frame   0x0000095c      0x6e0 ./drivers/fsl_clock.o
 .debug_frame   0x0000103c       0x90 ./drivers/fsl_common.o
 .debug_frame   0x000010cc       0xb0 ./drivers/fsl_gpio.o
 .debug_frame   0x0000117c      0x418 ./drivers/fsl_lpsci.o
 .debug_frame   0x00001594      0x468 ./drivers/fsl_uart.o
 .debug_frame   0x000019fc       0x50 ./board/board.o
 .debug_frame   0x00001a4c      0x100 ./board/clock_config.o
 .debug_frame   0x00001b4c       0x2c ./board/peripherals.o
 .debug_frame   0x00001b78       0x88 ./board/pin_mux.o
 .debug_frame   0x00001c00       0x4c ./CMSIS/system_MKL25Z4.o

Cross Reference Table

Symbol                                            File
ADC0_DriverIRQHandler                             ./startup/startup_mkl25z4.o
ADC0_IRQHandler                                   ./startup/startup_mkl25z4.o
BLUE_LED_INIT                                     ./source/LED_Blink.o
                                                  ./source/main.o
BLUE_LED_OFF                                      ./source/LED_Blink.o
                                                  ./source/Memory_Functions.o
BLUE_LED_ON                                       ./source/LED_Blink.o
                                                  ./source/main.o
                                                  ./source/Memory_Functions.o
BOARD_BootClockRUN                                ./board/clock_config.o
                                                  ./source/main.o
BOARD_BootClockVLPR                               ./board/clock_config.o
BOARD_InitBootClocks                              ./board/clock_config.o
                                                  ./source/main.o
BOARD_InitBootPeripherals                         ./board/peripherals.o
                                                  ./source/main.o
BOARD_InitBootPins                                ./board/pin_mux.o
                                                  ./source/main.o
BOARD_InitDebugConsole                            ./board/board.o
                                                  ./source/main.o
BOARD_InitPins                                    ./board/pin_mux.o
                                                  ./source/main.o
CLOCK_BootToBlpeMode                              ./drivers/fsl_clock.o
CLOCK_BootToBlpiMode                              ./drivers/fsl_clock.o
                                                  ./board/clock_config.o
CLOCK_BootToFeeMode                               ./drivers/fsl_clock.o
CLOCK_BootToFeiMode                               ./drivers/fsl_clock.o
CLOCK_BootToPeeMode                               ./drivers/fsl_clock.o
                                                  ./board/clock_config.o
CLOCK_CalcPllDiv                                  ./drivers/fsl_clock.o
CLOCK_ClearStatusFlags                            ./drivers/fsl_clock.o
CLOCK_DeinitOsc0                                  ./drivers/fsl_clock.o
CLOCK_EnablePll0                                  ./drivers/fsl_clock.o
CLOCK_EnableUsbfs0Clock                           ./drivers/fsl_clock.o
CLOCK_ExternalModeToFbeModeQuick                  ./drivers/fsl_clock.o
CLOCK_FllStableDelay                              ./drivers/fsl_clock.o
CLOCK_GetBusClkFreq                               ./drivers/fsl_clock.o
CLOCK_GetCoreSysClkFreq                           ./drivers/fsl_clock.o
CLOCK_GetEr32kClkFreq                             ./drivers/fsl_clock.o
CLOCK_GetFixedFreqClkFreq                         ./drivers/fsl_clock.o
CLOCK_GetFlashClkFreq                             ./drivers/fsl_clock.o
CLOCK_GetFllFreq                                  ./drivers/fsl_clock.o
CLOCK_GetFreq                                     ./drivers/fsl_clock.o
CLOCK_GetInternalRefClkFreq                       ./drivers/fsl_clock.o
CLOCK_GetMode                                     ./drivers/fsl_clock.o
CLOCK_GetOsc0ErClkFreq                            ./drivers/fsl_clock.o
CLOCK_GetOutClkFreq                               ./drivers/fsl_clock.o
CLOCK_GetPlatClkFreq                              ./drivers/fsl_clock.o
CLOCK_GetPll0Freq                                 ./drivers/fsl_clock.o
CLOCK_GetPllFllSelClkFreq                         ./drivers/fsl_clock.o
                                                  ./board/board.o
CLOCK_GetStatusFlags                              ./drivers/fsl_clock.o
CLOCK_InitOsc0                                    ./drivers/fsl_clock.o
                                                  ./board/clock_config.o
CLOCK_InternalModeToFbiModeQuick                  ./drivers/fsl_clock.o
CLOCK_SetBlpeMode                                 ./drivers/fsl_clock.o
CLOCK_SetBlpiMode                                 ./drivers/fsl_clock.o
CLOCK_SetExternalRefClkConfig                     ./drivers/fsl_clock.o
CLOCK_SetFbeMode                                  ./drivers/fsl_clock.o
CLOCK_SetFbiMode                                  ./drivers/fsl_clock.o
CLOCK_SetFeeMode                                  ./drivers/fsl_clock.o
CLOCK_SetFeiMode                                  ./drivers/fsl_clock.o
CLOCK_SetInternalRefClkConfig                     ./drivers/fsl_clock.o
                                                  ./board/clock_config.o
CLOCK_SetMcgConfig                                ./drivers/fsl_clock.o
CLOCK_SetOsc0MonitorMode                          ./drivers/fsl_clock.o
CLOCK_SetPbeMode                                  ./drivers/fsl_clock.o
CLOCK_SetPeeMode                                  ./drivers/fsl_clock.o
CLOCK_SetPll0MonitorMode                          ./drivers/fsl_clock.o
CLOCK_SetSimConfig                                ./drivers/fsl_clock.o
                                                  ./board/clock_config.o
CLOCK_TrimInternalRefClk                          ./drivers/fsl_clock.o
CMP0_DriverIRQHandler                             ./startup/startup_mkl25z4.o
CMP0_IRQHandler                                   ./startup/startup_mkl25z4.o
DAC0_DriverIRQHandler                             ./startup/startup_mkl25z4.o
DAC0_IRQHandler                                   ./startup/startup_mkl25z4.o
DMA0_DriverIRQHandler                             ./startup/startup_mkl25z4.o
DMA0_IRQHandler                                   ./startup/startup_mkl25z4.o
DMA1_DriverIRQHandler                             ./startup/startup_mkl25z4.o
DMA1_IRQHandler                                   ./startup/startup_mkl25z4.o
DMA2_DriverIRQHandler                             ./startup/startup_mkl25z4.o
DMA2_IRQHandler                                   ./startup/startup_mkl25z4.o
DMA3_DriverIRQHandler                             ./startup/startup_mkl25z4.o
DMA3_IRQHandler                                   ./startup/startup_mkl25z4.o
DbgConsole_Deinit                                 ./utilities/fsl_debug_console.o
DbgConsole_Getchar                                ./utilities/fsl_debug_console.o
DbgConsole_Init                                   ./utilities/fsl_debug_console.o
                                                  ./board/board.o
DbgConsole_Printf                                 ./utilities/fsl_debug_console.o
                                                  ./drivers/fsl_common.o
                                                  ./source/Memory_Functions.o
                                                  ./source/Logger.o
DbgConsole_Putchar                                ./utilities/fsl_debug_console.o
DbgConsole_Scanf                                  ./utilities/fsl_debug_console.o
                                                  ./source/main.o
Delay_Time                                        ./source/Delay_Function.o
                                                  ./source/Memory_Functions.o
FLASH_Erase                                       ./drivers/fsl_flash.o
FLASH_EraseAll                                    ./drivers/fsl_flash.o
FLASH_EraseAllExecuteOnlySegments                 ./drivers/fsl_flash.o
FLASH_GetProperty                                 ./drivers/fsl_flash.o
FLASH_GetSecurityState                            ./drivers/fsl_flash.o
FLASH_Init                                        ./drivers/fsl_flash.o
FLASH_IsExecuteOnly                               ./drivers/fsl_flash.o
FLASH_IsProtected                                 ./drivers/fsl_flash.o
FLASH_PflashGetPrefetchSpeculation                ./drivers/fsl_flash.o
FLASH_PflashGetProtection                         ./drivers/fsl_flash.o
FLASH_PflashSetPrefetchSpeculation                ./drivers/fsl_flash.o
                                                  ./drivers/fsl_smc.o
FLASH_PflashSetProtection                         ./drivers/fsl_flash.o
FLASH_PrepareExecuteInRamFunctions                ./drivers/fsl_flash.o
FLASH_Program                                     ./drivers/fsl_flash.o
FLASH_ProgramOnce                                 ./drivers/fsl_flash.o
FLASH_ReadOnce                                    ./drivers/fsl_flash.o
FLASH_ReadResource                                ./drivers/fsl_flash.o
FLASH_SecurityBypass                              ./drivers/fsl_flash.o
FLASH_SetCallback                                 ./drivers/fsl_flash.o
FLASH_SetProperty                                 ./drivers/fsl_flash.o
FLASH_VerifyErase                                 ./drivers/fsl_flash.o
FLASH_VerifyEraseAll                              ./drivers/fsl_flash.o
FLASH_VerifyEraseAllExecuteOnlySegments           ./drivers/fsl_flash.o
FLASH_VerifyProgram                               ./drivers/fsl_flash.o
FTFA_DriverIRQHandler                             ./startup/startup_mkl25z4.o
FTFA_IRQHandler                                   ./startup/startup_mkl25z4.o
Flash_Config                                      ./startup/startup_mkl25z4.o
GPIO_ClearPinsInterruptFlags                      ./drivers/fsl_gpio.o
GPIO_GetPinsInterruptFlags                        ./drivers/fsl_gpio.o
GPIO_PinInit                                      ./drivers/fsl_gpio.o
                                                  ./source/LED_Blink.o
GREEN_LED_INIT                                    ./source/LED_Blink.o
                                                  ./source/main.o
GREEN_LED_OFF                                     ./source/LED_Blink.o
GREEN_LED_ON                                      ./source/LED_Blink.o
                                                  ./source/main.o
HardFault_Handler                                 ./source/semihost_hardfault.o
                                                  ./startup/startup_mkl25z4.o
I2C0_DriverIRQHandler                             ./startup/startup_mkl25z4.o
I2C0_IRQHandler                                   ./startup/startup_mkl25z4.o
I2C1_DriverIRQHandler                             ./startup/startup_mkl25z4.o
I2C1_IRQHandler                                   ./startup/startup_mkl25z4.o
InstallIRQHandler                                 ./drivers/fsl_common.o
IntDefaultHandler                                 ./startup/startup_mkl25z4.o
Inverting_length                                  ./source/Memory_Functions.o
                                                  ./source/main.o
LED_config                                        ./source/LED_Blink.o
LLWU_DriverIRQHandler                             ./startup/startup_mkl25z4.o
LLWU_IRQHandler                                   ./startup/startup_mkl25z4.o
LPSCI_ClearStatusFlags                            ./drivers/fsl_lpsci.o
LPSCI_Deinit                                      ./drivers/fsl_lpsci.o
                                                  ./utilities/fsl_debug_console.o
LPSCI_DisableInterrupts                           ./drivers/fsl_lpsci.o
LPSCI_EnableInterrupts                            ./drivers/fsl_lpsci.o
LPSCI_GetDefaultConfig                            ./drivers/fsl_lpsci.o
                                                  ./utilities/fsl_debug_console.o
LPSCI_GetEnabledInterrupts                        ./drivers/fsl_lpsci.o
LPSCI_GetInstance                                 ./drivers/fsl_lpsci.o
LPSCI_GetStatusFlags                              ./drivers/fsl_lpsci.o
LPSCI_Init                                        ./drivers/fsl_lpsci.o
                                                  ./utilities/fsl_debug_console.o
LPSCI_ReadBlocking                                ./drivers/fsl_lpsci.o
                                                  ./utilities/fsl_debug_console.o
LPSCI_SetBaudRate                                 ./drivers/fsl_lpsci.o
LPSCI_TransferAbortReceive                        ./drivers/fsl_lpsci.o
LPSCI_TransferAbortSend                           ./drivers/fsl_lpsci.o
LPSCI_TransferCreateHandle                        ./drivers/fsl_lpsci.o
LPSCI_TransferGetReceiveCount                     ./drivers/fsl_lpsci.o
LPSCI_TransferGetSendCount                        ./drivers/fsl_lpsci.o
LPSCI_TransferHandleErrorIRQ                      ./drivers/fsl_lpsci.o
LPSCI_TransferHandleIRQ                           ./drivers/fsl_lpsci.o
LPSCI_TransferReceiveNonBlocking                  ./drivers/fsl_lpsci.o
LPSCI_TransferSendNonBlocking                     ./drivers/fsl_lpsci.o
LPSCI_TransferStartRingBuffer                     ./drivers/fsl_lpsci.o
LPSCI_TransferStopRingBuffer                      ./drivers/fsl_lpsci.o
LPSCI_WriteBlocking                               ./drivers/fsl_lpsci.o
                                                  ./utilities/fsl_debug_console.o
LPTMR0_DriverIRQHandler                           ./startup/startup_mkl25z4.o
LPTMR0_IRQHandler                                 ./startup/startup_mkl25z4.o
LVD_LVW_DriverIRQHandler                          ./startup/startup_mkl25z4.o
LVD_LVW_IRQHandler                                ./startup/startup_mkl25z4.o
Log_Data                                          ./source/Logger.o
                                                  ./source/Memory_Functions.o
Log_Disabled                                      ./source/Logger.o
Log_Enabled                                       ./source/Logger.o
                                                  ./source/main.o
Log_Integer                                       ./source/Logger.o
Log_String                                        ./source/Logger.o
                                                  ./source/main.o
                                                  ./source/Memory_Functions.o
MCG_DriverIRQHandler                              ./startup/startup_mkl25z4.o
MCG_IRQHandler                                    ./startup/startup_mkl25z4.o
NMI_Handler                                       ./startup/startup_mkl25z4.o
NUMB_OF_BYTES                                     ./source/Memory_Functions.o
NUMB_OF_INVERTING_BYTES                           ./source/Memory_Functions.o
PIT_DriverIRQHandler                              ./startup/startup_mkl25z4.o
PIT_IRQHandler                                    ./startup/startup_mkl25z4.o
PORTA_DriverIRQHandler                            ./startup/startup_mkl25z4.o
PORTA_IRQHandler                                  ./startup/startup_mkl25z4.o
PORTD_DriverIRQHandler                            ./startup/startup_mkl25z4.o
PORTD_IRQHandler                                  ./startup/startup_mkl25z4.o
PendSV_Handler                                    ./startup/startup_mkl25z4.o
RED_LED_INIT                                      ./source/LED_Blink.o
                                                  ./source/main.o
RED_LED_OFF                                       ./source/LED_Blink.o
                                                  ./source/Memory_Functions.o
RED_LED_ON                                        ./source/LED_Blink.o
                                                  ./source/Memory_Functions.o
RTC_DriverIRQHandler                              ./startup/startup_mkl25z4.o
RTC_IRQHandler                                    ./startup/startup_mkl25z4.o
RTC_Seconds_DriverIRQHandler                      ./startup/startup_mkl25z4.o
RTC_Seconds_IRQHandler                            ./startup/startup_mkl25z4.o
ReInvert_block                                    ./source/Memory_Functions.o
                                                  ./source/main.o
Reserved20_DriverIRQHandler                       ./startup/startup_mkl25z4.o
Reserved20_IRQHandler                             ./startup/startup_mkl25z4.o
Reserved39_DriverIRQHandler                       ./startup/startup_mkl25z4.o
Reserved39_IRQHandler                             ./startup/startup_mkl25z4.o
Reserved45_DriverIRQHandler                       ./startup/startup_mkl25z4.o
Reserved45_IRQHandler                             ./startup/startup_mkl25z4.o
ResetISR                                          ./startup/startup_mkl25z4.o
SMC_PostExitStopModes                             ./drivers/fsl_smc.o
SMC_PreEnterStopModes                             ./drivers/fsl_smc.o
SMC_SetPowerModeLls                               ./drivers/fsl_smc.o
SMC_SetPowerModeRun                               ./drivers/fsl_smc.o
SMC_SetPowerModeStop                              ./drivers/fsl_smc.o
SMC_SetPowerModeVlls                              ./drivers/fsl_smc.o
SMC_SetPowerModeVlpr                              ./drivers/fsl_smc.o
                                                  ./board/clock_config.o
SMC_SetPowerModeVlps                              ./drivers/fsl_smc.o
SMC_SetPowerModeVlpw                              ./drivers/fsl_smc.o
SMC_SetPowerModeWait                              ./drivers/fsl_smc.o
SPI0_DriverIRQHandler                             ./startup/startup_mkl25z4.o
SPI0_IRQHandler                                   ./startup/startup_mkl25z4.o
SPI1_DriverIRQHandler                             ./startup/startup_mkl25z4.o
SPI1_IRQHandler                                   ./startup/startup_mkl25z4.o
SVC_Handler                                       ./startup/startup_mkl25z4.o
Status                                            ./source/Logger.o
SysTick_Handler                                   ./startup/startup_mkl25z4.o
SystemCoreClock                                   ./CMSIS/system_MKL25Z4.o
                                                  ./board/clock_config.o
SystemCoreClockUpdate                             ./CMSIS/system_MKL25Z4.o
SystemInit                                        ./CMSIS/system_MKL25Z4.o
                                                  ./startup/startup_mkl25z4.o
TPM0_DriverIRQHandler                             ./startup/startup_mkl25z4.o
TPM0_IRQHandler                                   ./startup/startup_mkl25z4.o
TPM1_DriverIRQHandler                             ./startup/startup_mkl25z4.o
TPM1_IRQHandler                                   ./startup/startup_mkl25z4.o
TPM2_DriverIRQHandler                             ./startup/startup_mkl25z4.o
TPM2_IRQHandler                                   ./startup/startup_mkl25z4.o
TSI0_DriverIRQHandler                             ./startup/startup_mkl25z4.o
TSI0_IRQHandler                                   ./startup/startup_mkl25z4.o
UART0_DriverIRQHandler                            ./drivers/fsl_lpsci.o
                                                  ./startup/startup_mkl25z4.o
UART0_IRQHandler                                  ./startup/startup_mkl25z4.o
UART1_DriverIRQHandler                            ./drivers/fsl_uart.o
                                                  ./startup/startup_mkl25z4.o
UART1_IRQHandler                                  ./startup/startup_mkl25z4.o
UART1_RX_TX_DriverIRQHandler                      ./drivers/fsl_uart.o
UART2_DriverIRQHandler                            ./drivers/fsl_uart.o
                                                  ./startup/startup_mkl25z4.o
UART2_IRQHandler                                  ./startup/startup_mkl25z4.o
UART2_RX_TX_DriverIRQHandler                      ./drivers/fsl_uart.o
UART_ClearStatusFlags                             ./drivers/fsl_uart.o
UART_Deinit                                       ./drivers/fsl_uart.o
                                                  ./utilities/fsl_debug_console.o
UART_DisableInterrupts                            ./drivers/fsl_uart.o
UART_EnableInterrupts                             ./drivers/fsl_uart.o
UART_GetDefaultConfig                             ./drivers/fsl_uart.o
                                                  ./utilities/fsl_debug_console.o
UART_GetEnabledInterrupts                         ./drivers/fsl_uart.o
UART_GetInstance                                  ./drivers/fsl_uart.o
UART_GetStatusFlags                               ./drivers/fsl_uart.o
UART_Init                                         ./drivers/fsl_uart.o
                                                  ./utilities/fsl_debug_console.o
UART_ReadBlocking                                 ./drivers/fsl_uart.o
                                                  ./utilities/fsl_debug_console.o
UART_SetBaudRate                                  ./drivers/fsl_uart.o
UART_TransferAbortReceive                         ./drivers/fsl_uart.o
UART_TransferAbortSend                            ./drivers/fsl_uart.o
UART_TransferCreateHandle                         ./drivers/fsl_uart.o
UART_TransferGetReceiveCount                      ./drivers/fsl_uart.o
UART_TransferGetSendCount                         ./drivers/fsl_uart.o
UART_TransferHandleErrorIRQ                       ./drivers/fsl_uart.o
UART_TransferHandleIRQ                            ./drivers/fsl_uart.o
UART_TransferReceiveNonBlocking                   ./drivers/fsl_uart.o
UART_TransferSendNonBlocking                      ./drivers/fsl_uart.o
UART_TransferStartRingBuffer                      ./drivers/fsl_uart.o
UART_TransferStopRingBuffer                       ./drivers/fsl_uart.o
UART_WriteBlocking                                ./drivers/fsl_uart.o
                                                  ./utilities/fsl_debug_console.o
USB0_DriverIRQHandler                             ./startup/startup_mkl25z4.o
USB0_IRQHandler                                   ./startup/startup_mkl25z4.o
Write_Value_To_Memory                             ./source/Memory_Functions.o
                                                  ./source/main.o
_Csys_alloc                                       c:/nxp/mcuxpressoide_11.0.1_2563/ide/plugins/com.nxp.mcuxpresso.tools.win32_11.0.1.201907311258/tools/bin/../lib/gcc/arm-none-eabi/8.2.1/../../../../arm-none-eabi/lib/thumb/v6-m/nofp\libcr_c.a(alloc.o)
                                                  c:/nxp/mcuxpressoide_11.0.1_2563/ide/plugins/com.nxp.mcuxpresso.tools.win32_11.0.1.201907311258/tools/bin/../lib/gcc/arm-none-eabi/8.2.1/../../../../arm-none-eabi/lib/thumb/v6-m/nofp\libcr_c.a(_deferredlazyseek.o)
_Cwritebuf                                        c:/nxp/mcuxpressoide_11.0.1_2563/ide/plugins/com.nxp.mcuxpresso.tools.win32_11.0.1.201907311258/tools/bin/../lib/gcc/arm-none-eabi/8.2.1/../../../../arm-none-eabi/lib/thumb/v6-m/nofp\libcr_c.a(_writebuf.o)
                                                  c:/nxp/mcuxpressoide_11.0.1_2563/ide/plugins/com.nxp.mcuxpresso.tools.win32_11.0.1.201907311258/tools/bin/../lib/gcc/arm-none-eabi/8.2.1/../../../../arm-none-eabi/lib/thumb/v6-m/nofp\libcr_c.a(_deferredlazyseek.o)
                                                  c:/nxp/mcuxpressoide_11.0.1_2563/ide/plugins/com.nxp.mcuxpresso.tools.win32_11.0.1.201907311258/tools/bin/../lib/gcc/arm-none-eabi/8.2.1/../../../../arm-none-eabi/lib/thumb/v6-m/nofp\libcr_c.a(_fflush.o)
__Ciob                                            c:/nxp/mcuxpressoide_11.0.1_2563/ide/plugins/com.nxp.mcuxpresso.tools.win32_11.0.1.201907311258/tools/bin/../lib/gcc/arm-none-eabi/8.2.1/../../../../arm-none-eabi/lib/thumb/v6-m/nofp\libcr_nohost_nf.a(__ciob.o)
                                                  c:/nxp/mcuxpressoide_11.0.1_2563/ide/plugins/com.nxp.mcuxpresso.tools.win32_11.0.1.201907311258/tools/bin/../lib/gcc/arm-none-eabi/8.2.1/../../../../arm-none-eabi/lib/thumb/v6-m/nofp\libcr_c.a(fflush.o)
                                                  c:/nxp/mcuxpressoide_11.0.1_2563/ide/plugins/com.nxp.mcuxpresso.tools.win32_11.0.1.201907311258/tools/bin/../lib/gcc/arm-none-eabi/8.2.1/../../../../arm-none-eabi/lib/thumb/v6-m/nofp\libcr_c.a(initio.o)
__RAM_VECTOR_TABLE_SIZE_BYTES                     ./drivers/fsl_common.o
__VECTOR_RAM                                      ./drivers/fsl_common.o
__VECTOR_TABLE                                    ./drivers/fsl_common.o
__Vectors                                         ./startup/startup_mkl25z4.o
__aeabi_idiv                                      c:/nxp/mcuxpressoide_11.0.1_2563/ide/plugins/com.nxp.mcuxpresso.tools.win32_11.0.1.201907311258/tools/bin/../lib/gcc/arm-none-eabi/8.2.1/thumb/v6-m/nofp\libcr_eabihelpers.a(division_32.o)
                                                  ./utilities/fsl_debug_console.o
__aeabi_idiv0                                     c:/nxp/mcuxpressoide_11.0.1_2563/ide/plugins/com.nxp.mcuxpresso.tools.win32_11.0.1.201907311258/tools/bin/../lib/gcc/arm-none-eabi/8.2.1/thumb/v6-m/nofp\libcr_eabihelpers.a(division_idiv0.o)